Component: ARM Compiler 5.05 update 1 (build 106) Tool: armlink [4d0efa]

==============================================================================

Section Cross References

    main.o(i.Algorithm_Init) refers to zerochecktask.o(i.ZeroCheck_Init) for ZeroCheck_Init
    main.o(i.Algorithm_Init) refers to kalmanfilter.o(i.KalmanFilter_Init) for KalmanFilter_Init
    main.o(i.Algorithm_Init) refers to gimbaltask.o(i.AbsoluteAngleInit) for AbsoluteAngleInit
    main.o(i.Algorithm_Init) refers to kalmanfilter.o(.data) for K
    main.o(i.Algorithm_Init) refers to datareceivetask_1.o(.bss) for pitch_Kalman
    main.o(i.Offline_Check_task) refers to iwdg.o(i.IWDG_Feed) for IWDG_Feed
    main.o(i.Offline_Check_task) refers to tasks.o(i.vTaskDelay) for vTaskDelay
    main.o(i.Offline_Check_task) refers to remote.o(.data) for RC_DisConnect
    main.o(i.Offline_Check_task) refers to chassistask.o(.data) for F105_DisConect
    main.o(i.Offline_Check_task) refers to canreceivetask.o(.data) for Gimbal_DisConnect
    main.o(i.Peripheraldevice_Init) refers to led.o(i.LED_Conf) for LED_Conf
    main.o(i.Peripheraldevice_Init) refers to can1.o(i.CAN1_Configration) for CAN1_Configration
    main.o(i.Peripheraldevice_Init) refers to main.o(i.delay_ms) for delay_ms
    main.o(i.Peripheraldevice_Init) refers to can2.o(i.CAN2_Configration) for CAN2_Configration
    main.o(i.Peripheraldevice_Init) refers to usart3.o(i.USART3_Configuration) for USART3_Configuration
    main.o(i.Peripheraldevice_Init) refers to uart5.o(i.UART5_Configuration) for UART5_Configuration
    main.o(i.Peripheraldevice_Init) refers to tim.o(i.TIM4_Init) for TIM4_Init
    main.o(i.Peripheraldevice_Init) refers to tim7.o(i.TIM7_Configuration) for TIM7_Configuration
    main.o(i.Peripheraldevice_Init) refers to remote.o(i.RemoteInit) for RemoteInit
    main.o(i.Peripheraldevice_Init) refers to main.o(i.SteeringEngineInit) for SteeringEngineInit
    main.o(i.Peripheraldevice_Init) refers to laser.o(i.LASER_Configration) for LASER_Configration
    main.o(i.Peripheraldevice_Init) refers to remote.o(.bss) for RC_Ctl
    main.o(i.SteeringEngineInit) refers to main.o(.bss) for Hero
    main.o(i.main) refers to main.o(i.Peripheraldevice_Init) for Peripheraldevice_Init
    main.o(i.main) refers to main.o(i.delay_ms) for delay_ms
    main.o(i.main) refers to main.o(i.Algorithm_Init) for Algorithm_Init
    main.o(i.main) refers to led.o(i.LED_ON_BLUE) for LED_ON_BLUE
    main.o(i.main) refers to led.o(i.LED_ON_RED) for LED_ON_RED
    main.o(i.main) refers to iwdg.o(i.IWDG_Config) for IWDG_Config
    main.o(i.main) refers to start_task.o(i.startTast) for startTast
    main.o(i.main) refers to tasks.o(i.vTaskStartScheduler) for vTaskStartScheduler
    system_stm32f4xx.o(i.SystemCoreClockUpdate) refers to system_stm32f4xx.o(.data) for SystemCoreClock
    system_stm32f4xx.o(i.SystemInit) refers to system_stm32f4xx.o(i.SetSysClock) for SetSysClock
    stm32f4xx_it.o(i.SysTick_Handler) refers to port.o(i.xPortSysTickHandler) for xPortSysTickHandler
    communication.o(i.communicate_init) refers to queue.o(i.xQueueGenericCreate) for xQueueGenericCreate
    communication.o(i.communicate_init) refers to event_groups.o(i.xEventGroupCreate) for xEventGroupCreate
    communication.o(i.communicate_init) refers to event_groups.o(i.xEventGroupSetBits) for xEventGroupSetBits
    communication.o(i.communicate_init) refers to event_groups.o(i.xEventGroupWaitBits) for xEventGroupWaitBits
    communication.o(i.communicate_init) refers to communication.o(.data) for global_array
    can1.o(i.CAN1_Configration) refers to stm32f4xx_rcc.o(i.RCC_AHB1PeriphClockCmd) for RCC_AHB1PeriphClockCmd
    can1.o(i.CAN1_Configration) refers to stm32f4xx_rcc.o(i.RCC_APB1PeriphClockCmd) for RCC_APB1PeriphClockCmd
    can1.o(i.CAN1_Configration) refers to stm32f4xx_gpio.o(i.GPIO_PinAFConfig) for GPIO_PinAFConfig
    can1.o(i.CAN1_Configration) refers to stm32f4xx_gpio.o(i.GPIO_Init) for GPIO_Init
    can1.o(i.CAN1_Configration) refers to misc.o(i.NVIC_Init) for NVIC_Init
    can1.o(i.CAN1_Configration) refers to stm32f4xx_can.o(i.CAN_DeInit) for CAN_DeInit
    can1.o(i.CAN1_Configration) refers to stm32f4xx_can.o(i.CAN_StructInit) for CAN_StructInit
    can1.o(i.CAN1_Configration) refers to stm32f4xx_can.o(i.CAN_Init) for CAN_Init
    can1.o(i.CAN1_Configration) refers to stm32f4xx_can.o(i.CAN_FilterInit) for CAN_FilterInit
    can1.o(i.CAN1_Configration) refers to stm32f4xx_can.o(i.CAN_ITConfig) for CAN_ITConfig
    can1.o(i.CAN1_RX0_IRQHandler) refers to stm32f4xx_can.o(i.CAN_GetITStatus) for CAN_GetITStatus
    can1.o(i.CAN1_RX0_IRQHandler) refers to stm32f4xx_can.o(i.CAN_ClearITPendingBit) for CAN_ClearITPendingBit
    can1.o(i.CAN1_RX0_IRQHandler) refers to stm32f4xx_can.o(i.CAN_Receive) for CAN_Receive
    can1.o(i.CAN1_RX0_IRQHandler) refers to canreceivetask.o(i.CAN1_Receive0Task) for CAN1_Receive0Task
[...]
    __ARM_exceptions_init                     - Undefined Weak Reference
    __alloca_initialize                       - Undefined Weak Reference
    __arm_preinit_                            - Undefined Weak Reference
    __cpp_initialize__aeabi_                  - Undefined Weak Reference
    __cxa_finalize                            - Undefined Weak Reference
    __rt_locale                               - Undefined Weak Reference
    __sigvec_lookup                           - Undefined Weak Reference
    _atexit_init                              - Undefined Weak Reference
    _call_atexit_fns                          - Undefined Weak Reference
    _clock_init                               - Undefined Weak Reference
    _fp_trap_init                             - Undefined Weak Reference
    _fp_trap_shutdown                         - Undefined Weak Reference
    _get_lc_collate                           - Undefined Weak Reference
    _get_lc_ctype                             - Undefined Weak Reference
    _get_lc_monetary                          - Undefined Weak Reference
    _get_lc_numeric                           - Undefined Weak Reference
    _get_lc_time                              - Undefined Weak Reference
    _getenv_init                              - Undefined Weak Reference
    _handle_redirection                       - Undefined Weak Reference
    _init_alloc                               - Undefined Weak Reference
    _init_user_alloc                          - Undefined Weak Reference
    _initio                                   - Undefined Weak Reference
    _printf_mbtowc                            - Undefined Weak Reference
    _printf_post_padding                      - Undefined Weak Reference
    _printf_pre_padding                       - Undefined Weak Reference
    _printf_truncate_signed                   - Undefined Weak Reference
    _printf_truncate_unsigned                 - Undefined Weak Reference
    _rand_init                                - Undefined Weak Reference
    _signal_finish                            - Undefined Weak Reference
    _signal_init                              - Undefined Weak Reference
    _terminate_alloc                          - Undefined Weak Reference
    _terminate_user_alloc                     - Undefined Weak Reference
    _terminateio                              - Undefined Weak Reference
    __Vectors_Size                           0x00000188   Number         0  startup_stm32f40_41xxx.o ABSOLUTE
    __Vectors                                0x08000000   Data           4  startup_stm32f40_41xxx.o(RESET)
    __Vectors_End                            0x08000188   Data           0  startup_stm32f40_41xxx.o(RESET)
    __main                                   0x08000189   Thumb Code     8  __main.o(!!!main)
    __scatterload                            0x08000191   Thumb Code     0  __scatter.o(!!!scatter)
    __scatterload_rt2                        0x08000191   Thumb Code    44  __scatter.o(!!!scatter)
    __scatterload_rt2_thumb_only             0x08000191   Thumb Code     0  __scatter.o(!!!scatter)
    __scatterload_null                       0x0800019f   Thumb Code     0  __scatter.o(!!!scatter)
    __decompress                             0x080001c5   Thumb Code    90  __dczerorl2.o(!!dczerorl2)
    __decompress1                            0x080001c5   Thumb Code     0  __dczerorl2.o(!!dczerorl2)
    __scatterload_zeroinit                   0x08000221   Thumb Code    28  __scatter_zi.o(!!handler_zi)
    __rt_lib_init                            0x0800023d   Thumb Code     0  libinit.o(.ARM.Collect$$libinit$$00000000)
    __rt_lib_init_fp_1                       0x0800023f   Thumb Code     0  libinit2.o(.ARM.Collect$$libinit$$00000001)
    __rt_lib_init_alloca_1                   0x08000243   Thumb Code     0  libinit2.o(.ARM.Collect$$libinit$$0000002E)
    __rt_lib_init_argv_1                     0x08000243   Thumb Code     0  libinit2.o(.ARM.Collect$$libinit$$0000002C)
    __rt_lib_init_atexit_1                   0x08000243   Thumb Code     0  libinit2.o(.ARM.Collect$$libinit$$0000001B)
    __rt_lib_init_clock_1                    0x08000243   Thumb Code     0  libinit2.o(.ARM.Collect$$libinit$$00000021)
    __rt_lib_init_cpp_1                      0x08000243   Thumb Code     0  libinit2.o(.ARM.Collect$$libinit$$00000032)
    __rt_lib_init_exceptions_1               0x08000243   Thumb Code     0  libinit2.o(.ARM.Collect$$libinit$$00000030)
    __rt_lib_init_fp_trap_1                  0x08000243   Thumb Code     0  libinit2.o(.ARM.Collect$$libinit$$0000001F)
    __rt_lib_init_getenv_1                   0x08000243   Thumb Code     0  libinit2.o(.ARM.Collect$$libinit$$00000023)
    __rt_lib_init_heap_1                     0x08000243   Thumb Code     0  libinit2.o(.ARM.Collect$$libinit$$0000000A)
    __rt_lib_init_lc_collate_1               0x08000243   Thumb Code     0  libinit2.o(.ARM.Collect$$libinit$$00000011)
    __rt_lib_init_lc_ctype_1                 0x08000243   Thumb Code     0  libinit2.o(.ARM.Collect$$libinit$$00000013)
    __rt_lib_init_lc_monetary_1              0x08000243   Thumb Code     0  libinit2.o(.ARM.Collect$$libinit$$00000015)
    __rt_lib_init_lc_numeric_1               0x08000243   Thumb Code     0  libinit2.o(.ARM.Collect$$libinit$$00000017)
    __rt_lib_init_lc_time_1                  0x08000243   Thumb Code     0  libinit2.o(.ARM.Collect$$libinit$$00000019)
    __rt_lib_init_preinit_1                  0x08000243   Thumb Code     0  libinit2.o(.ARM.Collect$$libinit$$00000004)
    __rt_lib_init_rand_1                     0x08000243   Thumb Code     0  libinit2.o(.ARM.Collect$$libinit$$0000000E)
    __rt_lib_init_return                     0x08000243   Thumb Code     0  libinit2.o(.ARM.Collect$$libinit$$00000033)
    __rt_lib_init_signal_1                   0x08000243   Thumb Code     0  libinit2.o(.ARM.Collect$$libinit$$0000001D)
    __rt_lib_init_stdio_1                    0x08000243   Thumb Code     0  libinit2.o(.ARM.Collect$$libinit$$00000025)
    __rt_lib_init_user_alloc_1               0x08000243   Thumb Code     0  libinit2.o(.ARM.Collect$$libinit$$0000000C)
    __rt_lib_shutdown                        0x08000245   Thumb Code     0  libshutdown.o(.ARM.Collect$$libshutdown$$00000000)
    __rt_lib_shutdown_fp_trap_1              0x08000247   Thumb Code     0  libshutdown2.o(.ARM.Collect$$libshutdown$$00000006)
    __rt_lib_shutdown_heap_1                 0x08000247   Thumb Code     0  libshutdown2.o(.ARM.Collect$$libshutdown$$0000000E)
    __rt_lib_shutdown_return                 0x08000247   Thumb Code     0  libshutdown2.o(.ARM.Collect$$libshutdown$$0000000F)
    __rt_lib_shutdown_signal_1               0x08000247   Thumb Code     0  libshutdown2.o(.ARM.Collect$$libshutdown$$00000009)
    __rt_lib_shutdown_stdio_1                0x08000247   Thumb Code     0  libshutdown2.o(.ARM.Collect$$libshutdown$$00000003)
    __rt_lib_shutdown_user_alloc_1           0x08000247   Thumb Code     0  libshutdown2.o(.ARM.Collect$$libshutdown$$0000000B)
    __rt_entry                               0x08000249   Thumb Code     0  __rtentry.o(.ARM.Collect$$rtentry$$00000000)
    __rt_entry_presh_1                       0x08000249   Thumb Code     0  __rtentry2.o(.ARM.Collect$$rtentry$$00000002)
    __rt_entry_sh                            0x08000249   Thumb Code     0  __rtentry4.o(.ARM.Collect$$rtentry$$00000004)
    __rt_entry_li                            0x0800024f   Thumb Code     0  __rtentry2.o(.ARM.Collect$$rtentry$$0000000A)
    __rt_entry_postsh_1                      0x0800024f   Thumb Code     0  __rtentry2.o(.ARM.Collect$$rtentry$$00000009)
    __rt_entry_main                          0x08000253   Thumb Code     0  __rtentry2.o(.ARM.Collect$$rtentry$$0000000D)
    __rt_entry_postli_1                      0x08000253   Thumb Code     0  __rtentry2.o(.ARM.Collect$$rtentry$$0000000C)
    __rt_exit                                0x0800025b   Thumb Code     0  rtexit.o(.ARM.Collect$$rtexit$$00000000)
    __rt_exit_ls                             0x0800025d   Thumb Code     0  rtexit2.o(.ARM.Collect$$rtexit$$00000003)
    __rt_exit_prels_1                        0x0800025d   Thumb Code     0  rtexit2.o(.ARM.Collect$$rtexit$$00000002)
    __rt_exit_exit                           0x08000261   Thumb Code     0  rtexit2.o(.ARM.Collect$$rtexit$$00000004)
    SVC_Handler                              0x08000269   Thumb Code    28  port.o(.emb_text)
    __asm___6_port_c_39a90d8d__prvStartFirstTask 0x08000289   Thumb Code    28  port.o(.emb_text)
    __asm___6_port_c_39a90d8d__prvEnableVFP  0x080002a9   Thumb Code    16  port.o(.emb_text)
    PendSV_Handler                           0x080002bd   Thumb Code    88  port.o(.emb_text)
    vPortGetIPSR                             0x08000319   Thumb Code     6  port.o(.emb_text)
    Reset_Handler                            0x08000321   Thumb Code     8  startup_stm32f40_41xxx.o(.text)
    ADC_IRQHandler                           0x0800033b   Thumb Code     0  startup_stm32f40_41xxx.o(.text)
    CAN1_RX1_IRQHandler                      0x0800033b   Thumb Code     0  startup_stm32f40_41xxx.o(.text)
    CAN1_SCE_IRQHandler                      0x0800033b   Thumb Code     0  startup_stm32f40_41xxx.o(.text)
    CAN2_SCE_IRQHandler                      0x0800033b   Thumb Code     0  startup_stm32f40_41xxx.o(.text)
    CRYP_IRQHandler                          0x0800033b   Thumb Code     0  startup_stm32f40_41xxx.o(.text)
    DCMI_IRQHandler                          0x0800033b   Thumb Code     0  startup_stm32f40_41xxx.o(.text)
    DMA1_Stream1_IRQHandler                  0x0800033b   Thumb Code     0  startup_stm32f40_41xxx.o(.text)
    DMA1_Stream2_IRQHandler                  0x0800033b   Thumb Code     0  startup_stm32f40_41xxx.o(.text)
    DMA1_Stream3_IRQHandler                  0x0800033b   Thumb Code     0  startup_stm32f40_41xxx.o(.text)
    DMA1_Stream4_IRQHandler                  0x0800033b   Thumb Code     0  startup_stm32f40_41xxx.o(.text)
    DMA1_Stream5_IRQHandler                  0x0800033b   Thumb Code     0  startup_stm32f40_41xxx.o(.text)
    DMA1_Stream6_IRQHandler                  0x0800033b   Thumb Code     0  startup_stm32f40_41xxx.o(.text)
    DMA2_Stream0_IRQHandler                  0x0800033b   Thumb Code     0  startup_stm32f40_41xxx.o(.text)
    DMA2_Stream1_IRQHandler                  0x0800033b   Thumb Code     0  startup_stm32f40_41xxx.o(.text)
    DMA2_Stream2_IRQHandler                  0x0800033b   Thumb Code     0  startup_stm32f40_41xxx.o(.text)
    DMA2_Stream3_IRQHandler                  0x0800033b   Thumb Code     0  startup_stm32f40_41xxx.o(.text)
    DMA2_Stream4_IRQHandler                  0x0800033b   Thumb Code     0  startup_stm32f40_41xxx.o(.text)
    DMA2_Stream5_IRQHandler                  0x0800033b   Thumb Code     0  startup_stm32f40_41xxx.o(.text)
    DMA2_Stream6_IRQHandler                  0x0800033b   Thumb Code     0  startup_stm32f40_41xxx.o(.text)
    DMA2_Stream7_IRQHandler                  0x0800033b   Thumb Code     0  startup_stm32f40_41xxx.o(.text)
    ETH_IRQHandler                           0x0800033b   Thumb Code     0  startup_stm32f40_41xxx.o(.text)
    ETH_WKUP_IRQHandler                      0x0800033b   Thumb Code     0  startup_stm32f40_41xxx.o(.text)
    EXTI0_IRQHandler                         0x0800033b   Thumb Code     0  startup_stm32f40_41xxx.o(.text)
    EXTI15_10_IRQHandler                     0x0800033b   Thumb Code     0  startup_stm32f40_41xxx.o(.text)
    EXTI1_IRQHandler                         0x0800033b   Thumb Code     0  startup_stm32f40_41xxx.o(.text)
    EXTI2_IRQHandler                         0x0800033b   Thumb Code     0  startup_stm32f40_41xxx.o(.text)
    EXTI3_IRQHandler                         0x0800033b   Thumb Code     0  startup_stm32f40_41xxx.o(.text)
    EXTI4_IRQHandler                         0x0800033b   Thumb Code     0  startup_stm32f40_41xxx.o(.text)
    EXTI9_5_IRQHandler                       0x0800033b   Thumb Code     0  startup_stm32f40_41xxx.o(.text)
    FLASH_IRQHandler                         0x0800033b   Thumb Code     0  startup_stm32f40_41xxx.o(.text)
    FPU_IRQHandler                           0x0800033b   Thumb Code     0  startup_stm32f40_41xxx.o(.text)
    FSMC_IRQHandler                          0x0800033b   Thumb Code     0  startup_stm32f40_41xxx.o(.text)
    HASH_RNG_IRQHandler                      0x0800033b   Thumb Code     0  startup_stm32f40_41xxx.o(.text)
    I2C1_ER_IRQHandler                       0x0800033b   Thumb Code     0  startup_stm32f40_41xxx.o(.text)
    I2C1_EV_IRQHandler                       0x0800033b   Thumb Code     0  startup_stm32f40_41xxx.o(.text)
    I2C2_ER_IRQHandler                       0x0800033b   Thumb Code     0  startup_stm32f40_41xxx.o(.text)
    I2C2_EV_IRQHandler                       0x0800033b   Thumb Code     0  startup_stm32f40_41xxx.o(.text)
    I2C3_ER_IRQHandler                       0x0800033b   Thumb Code     0  startup_stm32f40_41xxx.o(.text)
    I2C3_EV_IRQHandler                       0x0800033b   Thumb Code     0  startup_stm32f40_41xxx.o(.text)
    OTG_FS_IRQHandler                        0x0800033b   Thumb Code     0  startup_stm32f40_41xxx.o(.text)
    OTG_FS_WKUP_IRQHandler                   0x0800033b   Thumb Code     0  startup_stm32f40_41xxx.o(.text)
    OTG_HS_EP1_IN_IRQHandler                 0x0800033b   Thumb Code     0  startup_stm32f40_41xxx.o(.text)
    OTG_HS_EP1_OUT_IRQHandler                0x0800033b   Thumb Code     0  startup_stm32f40_41xxx.o(.text)
    OTG_HS_IRQHandler                        0x0800033b   Thumb Code     0  startup_stm32f40_41xxx.o(.text)
    OTG_HS_WKUP_IRQHandler                   0x0800033b   Thumb Code     0  startup_stm32f40_41xxx.o(.text)
    PVD_IRQHandler                           0x0800033b   Thumb Code     0  startup_stm32f40_41xxx.o(.text)
    RCC_IRQHandler                           0x0800033b   Thumb Code     0  startup_stm32f40_41xxx.o(.text)
    RTC_Alarm_IRQHandler                     0x0800033b   Thumb Code     0  startup_stm32f40_41xxx.o(.text)
    RTC_WKUP_IRQHandler                      0x0800033b   Thumb Code     0  startup_stm32f40_41xxx.o(.text)
    SDIO_IRQHandler                          0x0800033b   Thumb Code     0  startup_stm32f40_41xxx.o(.text)
    SPI1_IRQHandler                          0x0800033b   Thumb Code     0  startup_stm32f40_41xxx.o(.text)
    SPI2_IRQHandler                          0x0800033b   Thumb Code     0  startup_stm32f40_41xxx.o(.text)
    SPI3_IRQHandler                          0x0800033b   Thumb Code     0  startup_stm32f40_41xxx.o(.text)
    TAMP_STAMP_IRQHandler                    0x0800033b   Thumb Code     0  startup_stm32f40_41xxx.o(.text)
    TIM1_BRK_TIM9_IRQHandler                 0x0800033b   Thumb Code     0  startup_stm32f40_41xxx.o(.text)
    TIM1_CC_IRQHandler                       0x0800033b   Thumb Code     0  startup_stm32f40_41xxx.o(.text)
    TIM1_TRG_COM_TIM11_IRQHandler            0x0800033b   Thumb Code     0  startup_stm32f40_41xxx.o(.text)
    TIM1_UP_TIM10_IRQHandler                 0x0800033b   Thumb Code     0  startup_stm32f40_41xxx.o(.text)
    TIM2_IRQHandler                          0x0800033b   Thumb Code     0  startup_stm32f40_41xxx.o(.text)
    TIM3_IRQHandler                          0x0800033b   Thumb Code     0  startup_stm32f40_41xxx.o(.text)
    TIM5_IRQHandler                          0x0800033b   Thumb Code     0  startup_stm32f40_41xxx.o(.text)
    TIM6_DAC_IRQHandler                      0x0800033b   Thumb Code     0  startup_stm32f40_41xxx.o(.text)
    TIM8_BRK_TIM12_IRQHandler                0x0800033b   Thumb Code     0  startup_stm32f40_41xxx.o(.text)
    TIM8_CC_IRQHandler                       0x0800033b   Thumb Code     0  startup_stm32f40_41xxx.o(.text)
    TIM8_TRG_COM_TIM14_IRQHandler            0x0800033b   Thumb Code     0  startup_stm32f40_41xxx.o(.text)
    TIM8_UP_TIM13_IRQHandler                 0x0800033b   Thumb Code     0  startup_stm32f40_41xxx.o(.text)
    UART4_IRQHandler                         0x0800033b   Thumb Code     0  startup_stm32f40_41xxx.o(.text)
    UART5_IRQHandler                         0x0800033b   Thumb Code     0  startup_stm32f40_41xxx.o(.text)
    USART1_IRQHandler                        0x0800033b   Thumb Code     0  startup_stm32f40_41xxx.o(.text)
    USART2_IRQHandler                        0x0800033b   Thumb Code     0  startup_stm32f40_41xxx.o(.text)
    USART6_IRQHandler                        0x0800033b   Thumb Code     0  startup_stm32f40_41xxx.o(.text)
    WWDG_IRQHandler                          0x0800033b   Thumb Code     0  startup_stm32f40_41xxx.o(.text)
    __user_initial_stackheap                 0x0800033d   Thumb Code     0  startup_stm32f40_41xxx.o(.text)
    arm_cos_f32                              0x08000361   Thumb Code   194  arm_cos_f32.o(.text)
    arm_sin_f32                              0x08000439   Thumb Code   194  arm_sin_f32.o(.text)
    arm_mat_init_f32                         0x08000511   Thumb Code     8  arm_mat_init_f32.o(.text)
    arm_mat_trans_f32                        0x08000519   Thumb Code   152  arm_mat_trans_f32.o(.text)
    __aeabi_memset                           0x080005b1   Thumb Code    16  aeabi_memset.o(.text)
    __use_two_region_memory                  0x080005c1   Thumb Code     2  heapauxi.o(.text)
    __rt_heap_escrow$2region                 0x080005c3   Thumb Code     2  heapauxi.o(.text)
    __rt_heap_expand$2region                 0x080005c5   Thumb Code     2  heapauxi.o(.text)
    __aeabi_memclr                           0x080005c7   Thumb Code     0  rt_memclr.o(.text)
    __rt_memclr                              0x080005c7   Thumb Code    68  rt_memclr.o(.text)
    _memset                                  0x080005cb   Thumb Code     0  rt_memclr.o(.text)
    __aeabi_memclr4                          0x0800060b   Thumb Code     0  rt_memclr_w.o(.text)
    __aeabi_memclr8                          0x0800060b   Thumb Code     0  rt_memclr_w.o(.text)
    __rt_memclr_w                            0x0800060b   Thumb Code    78  rt_memclr_w.o(.text)
    _memset_w                                0x0800060f   Thumb Code     0  rt_memclr_w.o(.text)
    __user_libspace                          0x08000659   Thumb Code     8  libspace.o(.text)
    __user_perproc_libspace                  0x08000659   Thumb Code     0  libspace.o(.text)
    __user_perthread_libspace                0x08000659   Thumb Code     0  libspace.o(.text)
    __user_setup_stackheap                   0x08000661   Thumb Code    74  sys_stackheap_outer.o(.text)
    exit                                     0x080006ab   Thumb Code    12  exit.o(.text)
    _sys_exit                                0x080006b9   Thumb Code     8  sys_exit.o(.text)
    __I$use$semihosting                      0x080006c5   Thumb Code     0  use_no_semi.o(.text)
    __use_no_semihosting_swi                 0x080006c5   Thumb Code     2  use_no_semi.o(.text)
    __semihosting_library_function           0x080006c7   Thumb Code     0  indicate_semi.o(.text)
    AbsoluteAngleInit                        0x080006c9   Thumb Code    60  gimbaltask.o(i.AbsoluteAngleInit)
    AbsolutePitch                            0x08000715   Thumb Code    48  gimbaltask.o(i.AbsolutePitch)
    AbsoluteYaw                              0x08000755   Thumb Code   436  gimbaltask.o(i.AbsoluteYaw)
    ActionControl_task                       0x08000935   Thumb Code    72  actioncontroltask.o(i.ActionControl_task)
    Algorithm_Init                           0x08000989   Thumb Code    34  main.o(i.Algorithm_Init)
    Append_CRC8_Check_Sum                    0x080009bd   Thumb Code    36  algorithmofcrc.o(i.Append_CRC8_Check_Sum)
    BusFault_Handler                         0x080009e1   Thumb Code     4  stm32f4xx_it.o(i.BusFault_Handler)
    CAN1_ChassisSend                         0x080009e5   Thumb Code   322  cansendtask.o(i.CAN1_ChassisSend)
    CAN1_Configration                        0x08000b39   Thumb Code   274  can1.o(i.CAN1_Configration)
    CAN1_FrictSend                           0x08000c55   Thumb Code   262  cansendtask.o(i.CAN1_FrictSend)
    CAN1_RX0_IRQHandler                      0x08000d69   Thumb Code    48  can1.o(i.CAN1_RX0_IRQHandler)
    CAN1_Receive0Task                        0x08000d9d   Thumb Code   174  canreceivetask.o(i.CAN1_Receive0Task)
    CAN1_TX_IRQHandler                       0x08000e59   Thumb Code    22  can1.o(i.CAN1_TX_IRQHandler)
    CAN2_BigPullerSend                       0x08000e75   Thumb Code   112  cansendtask.o(i.CAN2_BigPullerSend)
    CAN2_Configration                        0x08000eed   Thumb Code   404  can2.o(i.CAN2_Configration)
    CAN2_GimbalSend                          0x08001089   Thumb Code   110  cansendtask.o(i.CAN2_GimbalSend)
    CAN2_RX0_IRQHandler                      0x08001101   Thumb Code    48  can2.o(i.CAN2_RX0_IRQHandler)
    CAN2_RX1_IRQHandler                      0x08001135   Thumb Code    48  can2.o(i.CAN2_RX1_IRQHandler)
    CAN2_Receive0Task                        0x08001169   Thumb Code   204  canreceivetask.o(i.CAN2_Receive0Task)
    CAN2_TX_IRQHandler                       0x08001249   Thumb Code    22  can2.o(i.CAN2_TX_IRQHandler)
    CAN_ClearITPendingBit                    0x08001265   Thumb Code   162  stm32f4xx_can.o(i.CAN_ClearITPendingBit)
    CAN_DeInit                               0x0800130d   Thumb Code    50  stm32f4xx_can.o(i.CAN_DeInit)
    CAN_FilterInit                           0x08001345   Thumb Code   258  stm32f4xx_can.o(i.CAN_FilterInit)
    CAN_GetITStatus                          0x0800144d   Thumb Code   284  stm32f4xx_can.o(i.CAN_GetITStatus)
    CAN_ITConfig                             0x0800156d   Thumb Code    18  stm32f4xx_can.o(i.CAN_ITConfig)
    CAN_Init                                 0x0800157f   Thumb Code   276  stm32f4xx_can.o(i.CAN_Init)
    CAN_Receive                              0x08001693   Thumb Code   240  stm32f4xx_can.o(i.CAN_Receive)
    CAN_StructInit                           0x08001783   Thumb Code    32  stm32f4xx_can.o(i.CAN_StructInit)
    CAN_Transmit                             0x080017a3   Thumb Code   294  stm32f4xx_can.o(i.CAN_Transmit)
    CHASSIS_task                             0x080018c9   Thumb Code    98  chassistask.o(i.CHASSIS_task)
    CPU_task                                 0x08001935   Thumb Code    20  start_task.o(i.CPU_task)
    Chassis_Act_Cal                          0x0800194d   Thumb Code   452  chassistask.o(i.Chassis_Act_Cal)
    Chassis_Cal                              0x08001b45   Thumb Code    10  chassistask.o(i.Chassis_Cal)
    Chassis_Cease_Cal                        0x08001b55   Thumb Code    62  chassistask.o(i.Chassis_Cease_Cal)
    Chassis_SelfProtect_Cal                  0x08001ba9   Thumb Code   348  chassistask.o(i.Chassis_SelfProtect_Cal)
    Chassis_Sniper_Cal                       0x08001d29   Thumb Code   356  chassistask.o(i.Chassis_Sniper_Cal)
    Chassis_Solo_Cal                         0x08001eb5   Thumb Code   440  chassistask.o(i.Chassis_Solo_Cal)
    DMA1_Stream0_IRQHandler                  0x080020b5   Thumb Code   178  uart5.o(i.DMA1_Stream0_IRQHandler)
    DMA1_Stream7_IRQHandler                  0x08002189   Thumb Code    40  uart5.o(i.DMA1_Stream7_IRQHandler)
    DMA_ClearFlag                            0x080021b9   Thumb Code    38  stm32f4xx_dma.o(i.DMA_ClearFlag)
    DMA_ClearITPendingBit                    0x080021ed   Thumb Code    38  stm32f4xx_dma.o(i.DMA_ClearITPendingBit)
    DMA_Cmd                                  0x08002221   Thumb Code    22  stm32f4xx_dma.o(i.DMA_Cmd)
    DMA_DeInit                               0x08002239   Thumb Code   324  stm32f4xx_dma.o(i.DMA_DeInit)
    DMA_GetCurrDataCounter                   0x08002391   Thumb Code     8  stm32f4xx_dma.o(i.DMA_GetCurrDataCounter)
    DMA_GetITStatus                          0x08002399   Thumb Code    82  stm32f4xx_dma.o(i.DMA_GetITStatus)
    DMA_ITConfig                             0x080023fd   Thumb Code    58  stm32f4xx_dma.o(i.DMA_ITConfig)
    DMA_Init                                 0x08002439   Thumb Code    82  stm32f4xx_dma.o(i.DMA_Init)
    DMA_SetCurrDataCounter                   0x08002491   Thumb Code     4  stm32f4xx_dma.o(i.DMA_SetCurrDataCounter)
    DebugMon_Handler                         0x08002495   Thumb Code     2  stm32f4xx_it.o(i.DebugMon_Handler)
    FuzzyPID_Calc                            0x08002499   Thumb Code   262  pid.o(i.FuzzyPID_Calc)
    GIMBAL_task                              0x080025a5   Thumb Code   100  gimbaltask.o(i.GIMBAL_task)
    GPIO_Init                                0x08002611   Thumb Code   144  stm32f4xx_gpio.o(i.GPIO_Init)
    GPIO_PinAFConfig                         0x080026a1   Thumb Code    70  stm32f4xx_gpio.o(i.GPIO_PinAFConfig)
    GPIO_ResetBits                           0x080026e7   Thumb Code     4  stm32f4xx_gpio.o(i.GPIO_ResetBits)
    GPIO_SetBits                             0x080026eb   Thumb Code     4  stm32f4xx_gpio.o(i.GPIO_SetBits)
    Get_CRC8_Check_Sum                       0x080026f1   Thumb Code    30  algorithmofcrc.o(i.Get_CRC8_Check_Sum)
    GimbalCur_Pid_Cal                        0x08002715   Thumb Code  1108  gimbaltask.o(i.GimbalCur_Pid_Cal)
    Gimbal_Act_Cal                           0x08002b71   Thumb Code   400  gimbaltask.o(i.Gimbal_Act_Cal)
    Gimbal_Armor_Cal                         0x08002d4d   Thumb Code   238  gimbaltask.o(i.Gimbal_Armor_Cal)
    Gimbal_Cease_Cal                         0x08002e75   Thumb Code   102  gimbaltask.o(i.Gimbal_Cease_Cal)
    Gimbal_Lob_Cal                           0x08002f05   Thumb Code   452  gimbaltask.o(i.Gimbal_Lob_Cal)
    GraphicsUpdate                           0x08003115   Thumb Code    84  actioncontroltask.o(i.GraphicsUpdate)
    HardFault_Handler                        0x08003185   Thumb Code     4  stm32f4xx_it.o(i.HardFault_Handler)
    IWDG_Config                              0x08003189   Thumb Code    36  iwdg.o(i.IWDG_Config)
    IWDG_Enable                              0x080031ad   Thumb Code    10  stm32f4xx_iwdg.o(i.IWDG_Enable)
    IWDG_Feed                                0x080031bd   Thumb Code     8  iwdg.o(i.IWDG_Feed)
    IWDG_ReloadCounter                       0x080031c5   Thumb Code    10  stm32f4xx_iwdg.o(i.IWDG_ReloadCounter)
    IWDG_SetPrescaler                        0x080031d5   Thumb Code     6  stm32f4xx_iwdg.o(i.IWDG_SetPrescaler)
    IWDG_SetReload                           0x080031e1   Thumb Code     6  stm32f4xx_iwdg.o(i.IWDG_SetReload)
    IWDG_WriteAccessCmd                      0x080031ed   Thumb Code     6  stm32f4xx_iwdg.o(i.IWDG_WriteAccessCmd)
    KalmanFilter_Init                        0x080031f9   Thumb Code   224  kalmanfilter.o(i.KalmanFilter_Init)
    LASER_Configration                       0x080032d9   Thumb Code    50  laser.o(i.LASER_Configration)
    LED_Conf                                 0x08003311   Thumb Code    74  led.o(i.LED_Conf)
    LED_OFF_BLUE                             0x08003361   Thumb Code    14  led.o(i.LED_OFF_BLUE)
    LED_OFF_RED                              0x08003375   Thumb Code    14  led.o(i.LED_OFF_RED)
    LED_ON_BLUE                              0x08003389   Thumb Code    14  led.o(i.LED_ON_BLUE)
    LED_ON_RED                               0x0800339d   Thumb Code    14  led.o(i.LED_ON_RED)
    LED_Task                                 0x080033b1   Thumb Code    52  led_task.o(i.LED_Task)
    MemManage_Handler                        0x080033e5   Thumb Code     4  stm32f4xx_it.o(i.MemManage_Handler)
    Mouse_Key_Process                        0x080033e9   Thumb Code   754  actioncontroltask.o(i.Mouse_Key_Process)
    NMI_Handler                              0x0800371d   Thumb Code     2  stm32f4xx_it.o(i.NMI_Handler)
    NVIC_Init                                0x08003721   Thumb Code   106  misc.o(i.NVIC_Init)
    NewGyro_DataHandle                       0x08003799   Thumb Code   262  gyro.o(i.NewGyro_DataHandle)
    Offline_Check_task                       0x080038bd   Thumb Code    50  main.o(i.Offline_Check_task)
    PCReceive                                0x080038fd   Thumb Code   150  datareceivetask_1.o(i.PCReceive)
    PID_Calc                                 0x080039b5   Thumb Code   188  pid.o(i.PID_Calc)
    Peripheraldevice_Init                    0x08003a71   Thumb Code    82  main.o(i.Peripheraldevice_Init)
    Pid_BigFrictSpeed                        0x08003ac9   Thumb Code    84  shoottask.o(i.Pid_BigFrictSpeed)
    Pid_BigPullerPos                         0x08003b25   Thumb Code    44  shoottask.o(i.Pid_BigPullerPos)
    Pid_BigPullerSpeed                       0x08003b65   Thumb Code    44  shoottask.o(i.Pid_BigPullerSpeed)
    Pid_ChassisAngle                         0x08003ba1   Thumb Code    44  chassistask.o(i.Pid_ChassisAngle)
    Pid_LobInit                              0x08003be5   Thumb Code   170  gimbaltask.o(i.Pid_LobInit)
    Pid_PitchGyroPosSpeed                    0x08003cc5   Thumb Code   128  gimbaltask.o(i.Pid_PitchGyroPosSpeed)
    Pid_PitchYaw_ArmorPos                    0x08003d6d   Thumb Code   170  gimbaltask.o(i.Pid_PitchYaw_ArmorPos)
    Pid_YawGyroPosSpeed                      0x08003e55   Thumb Code    86  gimbaltask.o(i.Pid_YawGyroPosSpeed)
    Powerdown_Process                        0x08003ecd   Thumb Code    82  actioncontroltask.o(i.Powerdown_Process)
    RCC_AHB1PeriphClockCmd                   0x08003f35   Thumb Code    26  stm32f4xx_rcc.o(i.RCC_AHB1PeriphClockCmd)
    RCC_APB1PeriphClockCmd                   0x08003f55   Thumb Code    26  stm32f4xx_rcc.o(i.RCC_APB1PeriphClockCmd)
    RCC_APB1PeriphResetCmd                   0x08003f75   Thumb Code    26  stm32f4xx_rcc.o(i.RCC_APB1PeriphResetCmd)
    RCC_APB2PeriphResetCmd                   0x08003f95   Thumb Code    26  stm32f4xx_rcc.o(i.RCC_APB2PeriphResetCmd)
    RCC_GetClocksFreq                        0x08003fb5   Thumb Code   214  stm32f4xx_rcc.o(i.RCC_GetClocksFreq)
    RemoteInit                               0x0800409d   Thumb Code    76  remote.o(i.RemoteInit)
    RemoteReceive                            0x080040e9   Thumb Code   448  remote.o(i.RemoteReceive)
    Remote_Process                           0x080042b1   Thumb Code   162  actioncontroltask.o(i.Remote_Process)
    SHOOT_task                               0x08004371   Thumb Code    64  shoottask.o(i.SHOOT_task)
    SetInputMode                             0x080043b9   Thumb Code    44  actioncontroltask.o(i.SetInputMode)
    ShootCur_Pid_Cal                         0x080044d5   Thumb Code   564  shoottask.o(i.ShootCur_Pid_Cal)
    Shoot_Act_Cal                            0x08004755   Thumb Code   132  shoottask.o(i.Shoot_Act_Cal)
    Shoot_Cease_Cal                          0x080047ed   Thumb Code   100  shoottask.o(i.Shoot_Cease_Cal)
    Shoot_Fire_Cal                           0x08004865   Thumb Code   514  shoottask.o(i.Shoot_Fire_Cal)
    SteeringEngineInit                       0x08004aa5   Thumb Code    22  main.o(i.SteeringEngineInit)
    SysTick_Handler                          0x08004ac1   Thumb Code     8  stm32f4xx_it.o(i.SysTick_Handler)
    SystemInit                               0x08004ac9   Thumb Code    88  system_stm32f4xx.o(i.SystemInit)
    TIM4_IRQHandler                          0x08004b31   Thumb Code    22  tim.o(i.TIM4_IRQHandler)
    TIM4_Init                                0x08004b4d   Thumb Code    88  tim.o(i.TIM4_Init)
    TIM7_Configuration                       0x08004ba9   Thumb Code    90  tim7.o(i.TIM7_Configuration)
    TIM7_IRQHandler                          0x08004c09   Thumb Code    32  tim7.o(i.TIM7_IRQHandler)
    TIM_ClearITPendingBit                    0x08004c31   Thumb Code     6  stm32f4xx_tim.o(i.TIM_ClearITPendingBit)
    TIM_Cmd                                  0x08004c37   Thumb Code    24  stm32f4xx_tim.o(i.TIM_Cmd)
    TIM_GetITStatus                          0x08004c4f   Thumb Code    34  stm32f4xx_tim.o(i.TIM_GetITStatus)
    TIM_ITConfig                             0x08004c71   Thumb Code    18  stm32f4xx_tim.o(i.TIM_ITConfig)
    TIM_TimeBaseInit                         0x08004c85   Thumb Code   104  stm32f4xx_tim.o(i.TIM_TimeBaseInit)
    TX2_task                                 0x08004d09   Thumb Code    14  uart5.o(i.TX2_task)
    UART5_Configuration                      0x08004d19   Thumb Code   496  uart5.o(i.UART5_Configuration)
    USART3_Configuration                     0x08004f25   Thumb Code   280  usart3.o(i.USART3_Configuration)
    USART3_IRQHandler                        0x08005051   Thumb Code    78  usart3.o(i.USART3_IRQHandler)
    USART5_SendtoPC                          0x080050b1   Thumb Code   228  uart5.o(i.USART5_SendtoPC)
    USART_Cmd                                0x080051bd   Thumb Code    24  stm32f4xx_usart.o(i.USART_Cmd)
    USART_DMACmd                             0x080051d5   Thumb Code    18  stm32f4xx_usart.o(i.USART_DMACmd)
    USART_DeInit                             0x080051e9   Thumb Code   206  stm32f4xx_usart.o(i.USART_DeInit)
    USART_GetITStatus                        0x080052d9   Thumb Code    84  stm32f4xx_usart.o(i.USART_GetITStatus)
    USART_ITConfig                           0x0800532d   Thumb Code    74  stm32f4xx_usart.o(i.USART_ITConfig)
    USART_Init                               0x08005379   Thumb Code   204  stm32f4xx_usart.o(i.USART_Init)
    UsageFault_Handler                       0x0800544d   Thumb Code     4  stm32f4xx_it.o(i.UsageFault_Handler)
    Verify_CRC8_Check_Sum                    0x08005451   Thumb Code    50  algorithmofcrc.o(i.Verify_CRC8_Check_Sum)
    ZeroCheck                                0x08005489   Thumb Code   186  zerochecktask.o(i.ZeroCheck)
    ZeroCheck_BigPullerPosOutPut             0x08005551   Thumb Code     6  zerochecktask.o(i.ZeroCheck_BigPullerPosOutPut)
    ZeroCheck_Init                           0x0800555d   Thumb Code   192  zerochecktask.o(i.ZeroCheck_Init)
    ZeroCheck_YawOutPut                      0x08005645   Thumb Code     6  zerochecktask.o(i.ZeroCheck_YawOutPut)
    ZeroCheck_cal                            0x08005651   Thumb Code   184  zerochecktask.o(i.ZeroCheck_cal)
    delay_ms                                 0x0800573d   Thumb Code    28  main.o(i.delay_ms)
    fuzzy                                    0x08005759   Thumb Code  1446  pid.o(i.fuzzy)
    main                                     0x08005d09   Thumb Code    54  main.o(i.main)
    pvPortMalloc                             0x0800616d   Thumb Code   188  heap_4.o(i.pvPortMalloc)
    pxPortInitialiseStack                    0x0800623d   Thumb Code    38  port.o(i.pxPortInitialiseStack)
    startTast                                0x08006269   Thumb Code    24  start_task.o(i.startTast)
    start_task                               0x08006295   Thumb Code   190  start_task.o(i.start_task)
    uxListRemove                             0x0800640d   Thumb Code    40  list.o(i.uxListRemove)
    uxTaskGetStackHighWaterMark              0x08006435   Thumb Code    34  tasks.o(i.uxTaskGetStackHighWaterMark)
    vListInitialise                          0x0800645d   Thumb Code    26  list.o(i.vListInitialise)
    vListInitialiseItem                      0x08006477   Thumb Code     6  list.o(i.vListInitialiseItem)
    vListInsert                              0x0800647d   Thumb Code    52  list.o(i.vListInsert)
    vListInsertEnd                           0x080064b1   Thumb Code    24  list.o(i.vListInsertEnd)
    vPortEnterCritical                       0x080064c9   Thumb Code    30  port.o(i.vPortEnterCritical)
    vPortExitCritical                        0x080064ed   Thumb Code    28  port.o(i.vPortExitCritical)
    vPortFree                                0x0800650d   Thumb Code    64  heap_4.o(i.vPortFree)
    vPortSetupTimerInterrupt                 0x08006555   Thumb Code    26  port.o(i.vPortSetupTimerInterrupt)
    vTaskDelay                               0x08006575   Thumb Code    46  tasks.o(i.vTaskDelay)
    vTaskDelete                              0x080065a9   Thumb Code   166  tasks.o(i.vTaskDelete)
    vTaskStartScheduler                      0x08006675   Thumb Code    76  tasks.o(i.vTaskStartScheduler)
    vTaskSuspendAll                          0x080066e1   Thumb Code    12  tasks.o(i.vTaskSuspendAll)
    vTaskSwitchContext                       0x080066f1   Thumb Code   128  tasks.o(i.vTaskSwitchContext)
    xPortStartScheduler                      0x08006791   Thumb Code    58  port.o(i.xPortStartScheduler)
    xPortSysTickHandler                      0x080067d9   Thumb Code    46  port.o(i.xPortSysTickHandler)
    xTaskCreate                              0x0800680d   Thumb Code    96  tasks.o(i.xTaskCreate)
    xTaskIncrementTick                       0x0800686d   Thumb Code   238  tasks.o(i.xTaskIncrementTick)
    xTaskResumeAll                           0x08006989   Thumb Code   196  tasks.o(i.xTaskResumeAll)
    __aeabi_d2f                              0x08006a71   Thumb Code     0  d2f.o(x$fpl$d2f)
    _d2f                                     0x08006a71   Thumb Code    98  d2f.o(x$fpl$d2f)
    __aeabi_dadd                             0x08006ad5   Thumb Code     0  daddsub_clz.o(x$fpl$dadd)
    _dadd                                    0x08006ad5   Thumb Code   332  daddsub_clz.o(x$fpl$dadd)
    __fpl_dcmp_Inf                           0x08006c25   Thumb Code    24  dcmpi.o(x$fpl$dcmpinf)
    __aeabi_ddiv                             0x08006c3d   Thumb Code     0  ddiv.o(x$fpl$ddiv)
    _ddiv                                    0x08006c3d   Thumb Code   552  ddiv.o(x$fpl$ddiv)
    __aeabi_d2iz                             0x08006eed   Thumb Code     0  dfix.o(x$fpl$dfix)
    _dfix                                    0x08006eed   Thumb Code    94  dfix.o(x$fpl$dfix)
    __aeabi_i2d                              0x08006f4b   Thumb Code     0  dflt_clz.o(x$fpl$dflt)
    _dflt                                    0x08006f4b   Thumb Code    46  dflt_clz.o(x$fpl$dflt)
    __aeabi_cdcmple                          0x08006f79   Thumb Code     0  dleqf.o(x$fpl$dleqf)
    _dcmple                                  0x08006f79   Thumb Code   120  dleqf.o(x$fpl$dleqf)
    __fpl_dcmple_InfNaN                      0x08006fdb   Thumb Code     0  dleqf.o(x$fpl$dleqf)
    __aeabi_dmul                             0x08006ff1   Thumb Code     0  dmul.o(x$fpl$dmul)
    _dmul                                    0x08006ff1   Thumb Code   332  dmul.o(x$fpl$dmul)
    __fpl_dnaninf                            0x08007145   Thumb Code   156  dnaninf.o(x$fpl$dnaninf)
    __fpl_dretinf                            0x080071e1   Thumb Code    12  dretinf.o(x$fpl$dretinf)
    __aeabi_cdrcmple                         0x080071ed   Thumb Code     0  drleqf.o(x$fpl$drleqf)
    _drcmple                                 0x080071ed   Thumb Code   108  drleqf.o(x$fpl$drleqf)
    __aeabi_dsub                             0x08007259   Thumb Code     0  daddsub_clz.o(x$fpl$dsub)
    _dsub                                    0x08007259   Thumb Code   464  daddsub_clz.o(x$fpl$dsub)
    __aeabi_f2d                              0x0800742d   Thumb Code     0  f2d.o(x$fpl$f2d)
    _f2d                                     0x0800742d   Thumb Code    86  f2d.o(x$fpl$f2d)
    __fpl_fnaninf                            0x08007483   Thumb Code   140  fnaninf.o(x$fpl$fnaninf)
    _fp_init                                 0x0800750f   Thumb Code    10  fpinit.o(x$fpl$fpinit)
    __fplib_config_fpu_vfp                   0x08007517   Thumb Code     0  fpinit.o(x$fpl$fpinit)
    __fplib_config_pureend_doubles           0x08007517   Thumb Code     0  fpinit.o(x$fpl$fpinit)
    __fpl_fretinf                            0x08007519   Thumb Code    10  fretinf.o(x$fpl$fretinf)
    __I$use$fp                               0x08007522   Number         0  usenofp.o(x$fpl$usenofp)
    wCRC_Table                               0x08007522   Data         512  algorithmofcrc.o(.constdata)
    CRC8_INIT                                0x08007722   Data           1  algorithmofcrc.o(.constdata)
    CRC8_TAB                                 0x08007723   Data         256  algorithmofcrc.o(.constdata)
    Region$$Table$$Base                      0x0800828c   Number         0  anon$$obj.o(Region$$Table)
    Region$$Table$$Limit                     0x080082ac   Number         0  anon$$obj.o(Region$$Table)
    SystemCoreClock                          0x20000000   Data           4  system_stm32f4xx.o(.data)
    AHBPrescTable                            0x20000004   Data          16  system_stm32f4xx.o(.data)
    CPU_RunTime                              0x20000014   Data           4  tim7.o(.data)
    KalMan_doneflag                          0x20000018   Data           2  kalmanfilter.o(.data)
    K                                        0x2000001c   Data         180  kalmanfilter.o(.data)
    CRC_INIT                                 0x200000d0   Data           2  algorithmofcrc.o(.data)
    sss                                      0x200000d2   Data           2  algorithmofcrc.o(.data)
    PC_TX_num                                0x200000dc   Data           4  uart5.o(.data)
    down_sampling_rate                       0x200000e0   Data           4  uart5.o(.data)
    my_pitch                                 0x200000e4   Data           2  uart5.o(.data)
    my_yaw                                   0x200000e8   Data           4  uart5.o(.data)
    ShootStatus                              0x200000ec   Data           1  uart5.o(.data)
    Crcpass                                  0x200000ee   Data           2  uart5.o(.data)
    crcNopass                                0x200000f0   Data           2  uart5.o(.data)
    buffindex                                0x200000f2   Data           2  uart5.o(.data)
    TX2_high_water                           0x200000f4   Data           4  uart5.o(.data)
    CPU_high_water                           0x20000108   Data           4  start_task.o(.data)
    PC_Sendflag                              0x20000130   Data           1  gimbaltask.o(.data)
    GimbalPitPos                             0x20000134   Data           4  gimbaltask.o(.data)
    GimbalYawPos                             0x20000138   Data           4  gimbaltask.o(.data)
    ISGimbalAble                             0x2000013c   Data           4  gimbaltask.o(.data)
    LastGimbaltype                           0x20000140   Data           2  gimbaltask.o(.data)
    LastGimbalPitPos                         0x20000144   Data           4  gimbaltask.o(.data)
    LastGimbalYawPos                         0x20000148   Data           4  gimbaltask.o(.data)
    PitchCur                                 0x2000014c   Data           2  gimbaltask.o(.data)
    YawCur                                   0x2000014e   Data           2  gimbaltask.o(.data)
    GIM_PIT_MAX_ANGLE                        0x20000150   Data           2  gimbaltask.o(.data)
    GIM_PIT_MIN_ANGLE                        0x20000152   Data           2  gimbaltask.o(.data)
    turnHeadCnt                              0x20000154   Data           2  gimbaltask.o(.data)
    turnHeadStep                             0x20000156   Data           2  gimbaltask.o(.data)
    turnHeadExitFlag                         0x20000158   Data           2  gimbaltask.o(.data)
    GimbalInitFlag                           0x2000015a   Data           2  gimbaltask.o(.data)
    Recent_angle                             0x2000015c   Data           4  gimbaltask.o(.data)
    testpitchPosout                          0x20000160   Data           4  gimbaltask.o(.data)
    circle                                   0x20000164   Data           2  gimbaltask.o(.data)
    GIMBAL_high_water                        0x20000168   Data           4  gimbaltask.o(.data)
    Gimbal_Pitch                             0x2000016c   Data           4  zerochecktask.o(.data)
    Gimbal_Yaw                               0x20000170   Data           4  zerochecktask.o(.data)
    Gimbal_Pitch_Speed                       0x20000174   Data           4  zerochecktask.o(.data)
    Gimbal_Yaw_Speed                         0x20000178   Data           4  zerochecktask.o(.data)
    SmlPuller_Pos                            0x2000017c   Data           4  zerochecktask.o(.data)
    SmlPuller_Speed                          0x20000180   Data           4  zerochecktask.o(.data)
    Gyro_Yaw                                 0x20000184   Data           4  zerochecktask.o(.data)
    Gyro_Pitch                               0x20000188   Data           4  zerochecktask.o(.data)
    BigPush_Pos                              0x2000018c   Data           4  zerochecktask.o(.data)
    BigPuller_Pos                            0x20000190   Data           4  zerochecktask.o(.data)
    HeroStatus                               0x20000194   Data           4  actioncontroltask.o(.data)
    Mouse_Key_Flag                           0x20000198   Data           2  actioncontroltask.o(.data)
    laser_status                             0x2000019a   Data           2  actioncontroltask.o(.data)
    Frict_status                             0x2000019c   Data           2  actioncontroltask.o(.data)
    Sniper_status                            0x2000019e   Data           2  actioncontroltask.o(.data)
    SOLO_status                              0x200001a0   Data           2  actioncontroltask.o(.data)
    Fire_Init_flag                           0x200001a2   Data           2  actioncontroltask.o(.data)
    lastSniper_status                        0x200001a4   Data           2  actioncontroltask.o(.data)
    lastSOLO_status                          0x200001a6   Data           2  actioncontroltask.o(.data)
    Graphic_Init_flag                        0x200001a8   Data           2  actioncontroltask.o(.data)
    ShutdownCnt                              0x200001aa   Data           2  actioncontroltask.o(.data)
    ActionControl_high_water                 0x200001ac   Data           4  actioncontroltask.o(.data)
    SendToTx2BullectCnt                      0x200001b0   Data           4  shoottask.o(.data)
    BigPullerDir                             0x200001b6   Data           2  shoottask.o(.data)
    BigFrictSpeed                            0x200001b8   Data           4  shoottask.o(.data)
    BigPullerSpeed                           0x200001bc   Data           2  shoottask.o(.data)
    BigPuller_PosAngle                       0x200001be   Data           2  shoottask.o(.data)
    BigPullerCom                             0x200001c0   Data           2  shoottask.o(.data)
    TrigFlag                                 0x200001c2   Data           2  shoottask.o(.data)
    DangershootFlag                          0x200001c4   Data           2  shoottask.o(.data)
    BigFrictFlag                             0x200001c6   Data           1  shoottask.o(.data)
    count                                    0x200001c8   Data           4  shoottask.o(.data)
    BigFrictSetLE                            0x200001cc   Data           4  shoottask.o(.data)
    BigFrictSetRI                            0x200001d0   Data           4  shoottask.o(.data)
    BigFrictActLE                            0x200001d4   Data           4  shoottask.o(.data)
    BigFrictActRI                            0x200001d8   Data           4  shoottask.o(.data)
    ErrorLE                                  0x200001dc   Data           4  shoottask.o(.data)
    ErrorRI                                  0x200001e0   Data           4  shoottask.o(.data)
    ErrorBo                                  0x200001e4   Data           4  shoottask.o(.data)
    BigFrictCur                              0x200001e8   Data           4  shoottask.o(.data)
    BigPullerCur                             0x200001ec   Data           2  shoottask.o(.data)
    SHOOT_high_water                         0x200001f0   Data           4  shoottask.o(.data)
    ChassisInitFlag                          0x200001f4   Data           2  chassistask.o(.data)
    TwistInitFlag                            0x200001f6   Data           2  chassistask.o(.data)
    slowFac                                  0x200001f8   Data           4  chassistask.o(.data)
    SelfProtectSpeed                         0x200001fc   Data           2  chassistask.o(.data)
    F105WrigCnt                              0x200001fe   Data           2  chassistask.o(.data)
    F105WrigT                                0x20000200   Data           2  chassistask.o(.data)
    superCapAutoFlag                         0x20000202   Data           1  chassistask.o(.data)
    F105_DisConect                           0x20000204   Data           2  chassistask.o(.data)
    LastChassistype                          0x20000206   Data           2  chassistask.o(.data)
    YawOutPut                                0x20000208   Data           4  chassistask.o(.data)
    Chassis_high_water                       0x2000020c   Data           4  chassistask.o(.data)
    Heat_LimitTick                           0x20000210   Data           4  chassistask.o(.data)
    pxCurrentTCB                             0x20000214   Data           4  tasks.o(.data)
    BigPuller                                0x20000274   Data           6  canreceivetask.o(.data)
    Gimbal_Motor_Yaw                         0x2000027a   Data           6  canreceivetask.o(.data)
    Gimbal_Motor_Pitch                       0x20000280   Data           6  canreceivetask.o(.data)
    BigFrictAble                             0x20000286   Data           2  canreceivetask.o(.data)
    Gimbal_DisConnect                        0x20000288   Data           2  canreceivetask.o(.data)
    tick                                     0x2000028c   Data           4  cansendtask.o(.data)
    PCReceive_Tick                           0x20000290   Data           4  datareceivetask_1.o(.data)
    pc_pitch                                 0x20000294   Data           2  datareceivetask_1.o(.data)
    pc_yaw                                   0x20000298   Data           4  datareceivetask_1.o(.data)
    distance                                 0x2000029c   Data           2  datareceivetask_1.o(.data)
    aim_yaw                                  0x200002a0   Data           4  datareceivetask_1.o(.data)
    aim_pitch                                0x200002a4   Data           4  datareceivetask_1.o(.data)
    PitchMotorReceive                        0x200002a8   Data           4  datareceivetask_1.o(.data)
    YawMotorReceive                          0x200002ac   Data           4  datareceivetask_1.o(.data)
    PC_RX_num                                0x200002b0   Data           4  datareceivetask_1.o(.data)
    RC_DisConnect                            0x200002b8   Data           2  remote.o(.data)
    Gyro                                     0x200002bc   Data          20  gyro.o(.data)
    pitch                                    0x200002d0   Data           8  gyro.o(.data)
    yaw                                      0x200002d8   Data           8  gyro.o(.data)
    dPitch                                   0x200002e0   Data           4  gyro.o(.data)
    dYaw                                     0x200002e4   Data           4  gyro.o(.data)
    gy                                       0x200002e8   Data           4  gyro.o(.data)
    gz                                       0x200002ec   Data           4  gyro.o(.data)
    Hero                                     0x200002f0   Data          12  main.o(.bss)
    usart3_rx_buffer                         0x200002fc   Data          18  usart3.o(.bss)
    usart5_tx_buff                           0x2000030e   Data          70  uart5.o(.bss)
    usart5_rx_buff                           0x20000354   Data          30  uart5.o(.bss)
    tempPC                                   0x20000385   Data           9  uart5.o(.bss)
    ErrorBuff                                0x2000038e   Data          36  uart5.o(.bss)
    PidYawPos                                0x200003c4   Data          56  gimbaltask.o(.bss)
    PidPitchPos                              0x200003fc   Data          56  gimbaltask.o(.bss)
    PidYawSpeed                              0x20000434   Data          56  gimbaltask.o(.bss)
    PidPitchSpeed                            0x2000046c   Data          56  gimbaltask.o(.bss)
    PidYawArmorPos                           0x200004a4   Data          56  gimbaltask.o(.bss)
    PidPitchArmorPos                         0x200004dc   Data          56  gimbaltask.o(.bss)
    PidPitchArmorSpeed                       0x20000514   Data          56  gimbaltask.o(.bss)
    PidYawArmorSpeed                         0x2000054c   Data          56  gimbaltask.o(.bss)
    PidLobYawPos                             0x20000584   Data          56  gimbaltask.o(.bss)
    PidLobYawSpeed                           0x200005bc   Data          56  gimbaltask.o(.bss)
    PidLobPitchPos                           0x200005f4   Data          56  gimbaltask.o(.bss)
    PidLobPitchSpeed                         0x2000062c   Data          56  gimbaltask.o(.bss)
    Testpitchpid                             0x20000664   Data          52  gimbaltask.o(.bss)
    AbsoluteAngle                            0x20000698   Data          24  gimbaltask.o(.bss)
    ZeroCheck_Pitch                          0x200006b0   Data          20  zerochecktask.o(.bss)
    ZeroCheck_Yaw                            0x200006c4   Data          20  zerochecktask.o(.bss)
    ZeroCheck_Pitch_speed                    0x200006d8   Data          20  zerochecktask.o(.bss)
    ZeroCheck_Yaw_speed                      0x200006ec   Data          20  zerochecktask.o(.bss)
    ZeroCheck_SmlPullerPos                   0x20000700   Data          20  zerochecktask.o(.bss)
    ZeroCheck_SmlPullerSpeed                 0x20000714   Data          20  zerochecktask.o(.bss)
    ZeroCheck_GyroYaw                        0x20000728   Data          20  zerochecktask.o(.bss)
    ZeroCheck_GyroPitch                      0x2000073c   Data          20  zerochecktask.o(.bss)
    ZeroCheck_BigPushPos                     0x20000750   Data          20  zerochecktask.o(.bss)
    ZeroCheck_BigPullerPos                   0x20000764   Data          20  zerochecktask.o(.bss)
    key_status                               0x20000778   Data          36  actioncontroltask.o(.bss)
    PidBigPullerSpeed                        0x2000079c   Data          56  shoottask.o(.bss)
    PidBigFrictSpeed                         0x200007d4   Data         112  shoottask.o(.bss)
    PidBigPullerPos                          0x20000844   Data          56  shoottask.o(.bss)
    BigShoot                                 0x2000087c   Data          24  shoottask.o(.bss)
    PidChassisAngle                          0x20000894   Data          56  chassistask.o(.bss)
    PidChassisSpeed                          0x200008cc   Data          56  chassistask.o(.bss)
    PidTwistAngle                            0x20000904   Data          56  chassistask.o(.bss)
    PidTwistSpeed                            0x2000093c   Data          56  chassistask.o(.bss)
    F105                                     0x20000974   Data          44  chassistask.o(.bss)
    BigFrict                                 0x20005c84   Data          12  canreceivetask.o(.bss)
    F405                                     0x20005c90   Data          16  cansendtask.o(.bss)
    PC_Receive                               0x20005ca0   Data          20  datareceivetask_1.o(.bss)
    pitch_Kalman                             0x20005cb4   Data         108  datareceivetask_1.o(.bss)
    yaw_Kalman                               0x20005d20   Data         108  datareceivetask_1.o(.bss)
    RC_Ctl                                   0x20005d8c   Data          52  remote.o(.bss)
    __libspace_start                         0x20005dc0   Data          96  libspace.o(.bss)
    __temporary_stack_top$libspace           0x20005e20   Data           0  libspace.o(.bss)



==============================================================================

Memory Map of the image

  Image Entry point : 0x08000189

  Load Region LR_IROM1 (Base: 0x08000000, Size: 0x0000859c, Max: 0x00100000, ABSOLUTE, COMPRESSED[0x0000831c])

    Execution Region ER_IROM1 (Base: 0x08000000, Size: 0x000082ac, Max: 0x00100000, ABSOLUTE)

    Base Addr    Size         Type   Attr      Idx    E Section Name        Object

    0x08000000   0x00000188   Data   RO         2731    RESET               startup_stm32f40_41xxx.o
    0x08000188   0x00000008   Code   RO         4767  * !!!main             c_w.l(__main.o)
    0x08000190   0x00000034   Code   RO         5068    !!!scatter          c_w.l(__scatter.o)
    0x080001c4   0x0000005a   Code   RO         5066    !!dczerorl2         c_w.l(__dczerorl2.o)
    0x0800021e   0x00000002   PAD
    0x08000220   0x0000001c   Code   RO         5070    !!handler_zi        c_w.l(__scatter_zi.o)
    0x0800023c   0x00000002   Code   RO         4940    .ARM.Collect$$libinit$$00000000  c_w.l(libinit.o)
    0x0800023e   0x00000004   Code   RO         4943    .ARM.Collect$$libinit$$00000001  c_w.l(libinit2.o)
    0x08000242   0x00000000   Code   RO         4946    .ARM.Collect$$libinit$$00000004  c_w.l(libinit2.o)
    0x08000242   0x00000000   Code   RO         4949    .ARM.Collect$$libinit$$0000000A  c_w.l(libinit2.o)
    0x08000242   0x00000000   Code   RO         4951    .ARM.Collect$$libinit$$0000000C  c_w.l(libinit2.o)
    0x08000242   0x00000000   Code   RO         4953    .ARM.Collect$$libinit$$0000000E  c_w.l(libinit2.o)
    0x08000242   0x00000000   Code   RO         4956    .ARM.Collect$$libinit$$00000011  c_w.l(libinit2.o)
    0x08000242   0x00000000   Code   RO         4958    .ARM.Collect$$libinit$$00000013  c_w.l(libinit2.o)
    0x08000242   0x00000000   Code   RO         4960    .ARM.Collect$$libinit$$00000015  c_w.l(libinit2.o)
    0x08000242   0x00000000   Code   RO         4962    .ARM.Collect$$libinit$$00000017  c_w.l(libinit2.o)
    0x08000242   0x00000000   Code   RO         4964    .ARM.Collect$$libinit$$00000019  c_w.l(libinit2.o)
    0x08000242   0x00000000   Code   RO         4966    .ARM.Collect$$libinit$$0000001B  c_w.l(libinit2.o)
    0x08000242   0x00000000   Code   RO         4968    .ARM.Collect$$libinit$$0000001D  c_w.l(libinit2.o)
    0x08000242   0x00000000   Code   RO         4970    .ARM.Collect$$libinit$$0000001F  c_w.l(libinit2.o)
    0x08000242   0x00000000   Code   RO         4972    .ARM.Collect$$libinit$$00000021  c_w.l(libinit2.o)
    0x08000242   0x00000000   Code   RO         4974    .ARM.Collect$$libinit$$00000023  c_w.l(libinit2.o)
    0x08000242   0x00000000   Code   RO         4976    .ARM.Collect$$libinit$$00000025  c_w.l(libinit2.o)
    0x08000242   0x00000000   Code   RO         4980    .ARM.Collect$$libinit$$0000002C  c_w.l(libinit2.o)
    0x08000242   0x00000000   Code   RO         4982    .ARM.Collect$$libinit$$0000002E  c_w.l(libinit2.o)
    0x08000242   0x00000000   Code   RO         4984    .ARM.Collect$$libinit$$00000030  c_w.l(libinit2.o)
    0x08000242   0x00000000   Code   RO         4986    .ARM.Collect$$libinit$$00000032  c_w.l(libinit2.o)
    0x08000242   0x00000002   Code   RO         4987    .ARM.Collect$$libinit$$00000033  c_w.l(libinit2.o)
    0x08000244   0x00000002   Code   RO         5007    .ARM.Collect$$libshutdown$$00000000  c_w.l(libshutdown.o)
    0x08000246   0x00000000   Code   RO         5021    .ARM.Collect$$libshutdown$$00000003  c_w.l(libshutdown2.o)
    0x08000246   0x00000000   Code   RO         5024    .ARM.Collect$$libshutdown$$00000006  c_w.l(libshutdown2.o)
    0x08000246   0x00000000   Code   RO         5027    .ARM.Collect$$libshutdown$$00000009  c_w.l(libshutdown2.o)
    0x08000246   0x00000000   Code   RO         5029    .ARM.Collect$$libshutdown$$0000000B  c_w.l(libshutdown2.o)
    0x08000246   0x00000000   Code   RO         5032    .ARM.Collect$$libshutdown$$0000000E  c_w.l(libshutdown2.o)
    0x08000246   0x00000002   Code   RO         5033    .ARM.Collect$$libshutdown$$0000000F  c_w.l(libshutdown2.o)
    0x08000248   0x00000000   Code   RO         4837    .ARM.Collect$$rtentry$$00000000  c_w.l(__rtentry.o)
    0x08000248   0x00000000   Code   RO         4905    .ARM.Collect$$rtentry$$00000002  c_w.l(__rtentry2.o)
    0x08000248   0x00000006   Code   RO         4917    .ARM.Collect$$rtentry$$00000004  c_w.l(__rtentry4.o)
    0x0800024e   0x00000000   Code   RO         4907    .ARM.Collect$$rtentry$$00000009  c_w.l(__rtentry2.o)
    0x0800024e   0x00000004   Code   RO         4908    .ARM.Collect$$rtentry$$0000000A  c_w.l(__rtentry2.o)
    0x08000252   0x00000000   Code   RO         4910    .ARM.Collect$$rtentry$$0000000C  c_w.l(__rtentry2.o)
    0x08000252   0x00000008   Code   RO         4911    .ARM.Collect$$rtentry$$0000000D  c_w.l(__rtentry2.o)
    0x0800025a   0x00000002   Code   RO         4941    .ARM.Collect$$rtexit$$00000000  c_w.l(rtexit.o)
    0x0800025c   0x00000000   Code   RO         4989    .ARM.Collect$$rtexit$$00000002  c_w.l(rtexit2.o)
    0x0800025c   0x00000004   Code   RO         4990    .ARM.Collect$$rtexit$$00000003  c_w.l(rtexit2.o)
    0x08000260   0x00000006   Code   RO         4991    .ARM.Collect$$rtexit$$00000004  c_w.l(rtexit2.o)
    0x08000266   0x00000002   PAD
    0x08000268   0x000000b6   Code   RO         4258    .emb_text           port.o
    0x0800031e   0x00000002   PAD
    0x08000320   0x00000040   Code   RO         2732    .text               startup_stm32f40_41xxx.o
    0x08000360   0x000000d8   Code   RO         4535    .text               arm_cortexM4lf_math.lib(arm_cos_f32.o)
    0x08000438   0x000000d8   Code   RO         4582    .text               arm_cortexM4lf_math.lib(arm_sin_f32.o)
    0x08000510   0x00000008   Code   RO         4624    .text               arm_cortexM4lf_math.lib(arm_mat_init_f32.o)
    0x08000518   0x00000098   Code   RO         4704    .text               arm_cortexM4lf_math.lib(arm_mat_trans_f32.o)
    0x080005b0   0x00000010   Code   RO         4763    .text               c_w.l(aeabi_memset.o)
    0x080005c0   0x00000006   Code   RO         4765    .text               c_w.l(heapauxi.o)
    0x080005c6   0x00000044   Code   RO         4851    .text               c_w.l(rt_memclr.o)
    0x0800060a   0x0000004e   Code   RO         4926    .text               c_w.l(rt_memclr_w.o)
    0x08000658   0x00000008   Code   RO         4928    .text               c_w.l(libspace.o)
    0x08000660   0x0000004a   Code   RO         4931    .text               c_w.l(sys_stackheap_outer.o)
    0x080006aa   0x0000000c   Code   RO         4933    .text               c_w.l(exit.o)
    0x080006b6   0x00000002   PAD
    0x080006b8   0x0000000c   Code   RO         4999    .text               c_w.l(sys_exit.o)
    0x080006c4   0x00000002   Code   RO         5010    .text               c_w.l(use_no_semi.o)
    0x080006c6   0x00000000   Code   RO         5012    .text               c_w.l(indicate_semi.o)
    0x080006c6   0x00000002   PAD
    0x080006c8   0x0000004c   Code   RO         3107    i.AbsoluteAngleInit  gimbaltask.o
    0x08000714   0x00000040   Code   RO         3108    i.AbsolutePitch     gimbaltask.o
    0x08000754   0x000001e0   Code   RO         3109    i.AbsoluteYaw       gimbaltask.o
    0x08000934   0x00000054   Code   RO         3283    i.ActionControl_task  actioncontroltask.o
    0x08000988   0x00000034   Code   RO            3    i.Algorithm_Init    main.o
    0x080009bc   0x00000024   Code   RO          646    i.Append_CRC8_Check_Sum  algorithmofcrc.o
    0x080009e0   0x00000004   Code   RO          324    i.BusFault_Handler  stm32f4xx_it.o
    0x080009e4   0x00000154   Code   RO         4368    i.CAN1_ChassisSend  cansendtask.o
    0x08000b38   0x0000011c   Code   RO          481    i.CAN1_Configration  can1.o
    0x08000c54   0x00000114   Code   RO         4369    i.CAN1_FrictSend    cansendtask.o
    0x08000d68   0x00000034   Code   RO          482    i.CAN1_RX0_IRQHandler  can1.o
    0x08000d9c   0x000000bc   Code   RO         4337    i.CAN1_Receive0Task  canreceivetask.o
    0x08000e58   0x0000001c   Code   RO          483    i.CAN1_TX_IRQHandler  can1.o
    0x08000e74   0x00000078   Code   RO         4370    i.CAN2_BigPullerSend  cansendtask.o
    0x08000eec   0x0000019c   Code   RO          522    i.CAN2_Configration  can2.o
    0x08001088   0x00000078   Code   RO         4371    i.CAN2_GimbalSend   cansendtask.o
    0x08001100   0x00000034   Code   RO          523    i.CAN2_RX0_IRQHandler  can2.o
    0x08001134   0x00000034   Code   RO          524    i.CAN2_RX1_IRQHandler  can2.o
    0x08001168   0x000000e0   Code   RO         4338    i.CAN2_Receive0Task  canreceivetask.o
    0x08001248   0x0000001c   Code   RO          525    i.CAN2_TX_IRQHandler  can2.o
    0x08001264   0x000000a8   Code   RO         1219    i.CAN_ClearITPendingBit  stm32f4xx_can.o
    0x0800130c   0x00000038   Code   RO         1221    i.CAN_DeInit        stm32f4xx_can.o
    0x08001344   0x00000108   Code   RO         1223    i.CAN_FilterInit    stm32f4xx_can.o
    0x0800144c   0x00000120   Code   RO         1225    i.CAN_GetITStatus   stm32f4xx_can.o
    0x0800156c   0x00000012   Code   RO         1229    i.CAN_ITConfig      stm32f4xx_can.o
    0x0800157e   0x00000114   Code   RO         1230    i.CAN_Init          stm32f4xx_can.o
    0x08001692   0x000000f0   Code   RO         1233    i.CAN_Receive       stm32f4xx_can.o
    0x08001782   0x00000020   Code   RO         1236    i.CAN_StructInit    stm32f4xx_can.o
    0x080017a2   0x00000126   Code   RO         1238    i.CAN_Transmit      stm32f4xx_can.o
    0x080018c8   0x0000006c   Code   RO         3405    i.CHASSIS_task      chassistask.o
    0x08001934   0x00000018   Code   RO         3072    i.CPU_task          start_task.o
    0x0800194c   0x000001f8   Code   RO         3406    i.Chassis_Act_Cal   chassistask.o
    0x08001b44   0x00000010   Code   RO         3407    i.Chassis_Cal       chassistask.o
    0x08001b54   0x00000054   Code   RO         3408    i.Chassis_Cease_Cal  chassistask.o
    0x08001ba8   0x00000180   Code   RO         3409    i.Chassis_SelfProtect_Cal  chassistask.o
    0x08001d28   0x0000018c   Code   RO         3410    i.Chassis_Sniper_Cal  chassistask.o
    0x08001eb4   0x000001ec   Code   RO         3411    i.Chassis_Solo_Cal  chassistask.o
    0x080020a0   0x00000012   Code   RO         1241    i.CheckITStatus     stm32f4xx_can.o
    0x080020b2   0x00000002   PAD
    0x080020b4   0x000000d4   Code   RO          808    i.DMA1_Stream0_IRQHandler  uart5.o
    0x08002188   0x00000030   Code   RO          809    i.DMA1_Stream7_IRQHandler  uart5.o
    0x080021b8   0x00000034   Code   RO         1380    i.DMA_ClearFlag     stm32f4xx_dma.o
    0x080021ec   0x00000034   Code   RO         1381    i.DMA_ClearITPendingBit  stm32f4xx_dma.o
    0x08002220   0x00000016   Code   RO         1382    i.DMA_Cmd           stm32f4xx_dma.o
    0x08002236   0x00000002   PAD
    0x08002238   0x00000158   Code   RO         1383    i.DMA_DeInit        stm32f4xx_dma.o
    0x08002390   0x00000008   Code   RO         1388    i.DMA_GetCurrDataCounter  stm32f4xx_dma.o
    0x08002398   0x00000064   Code   RO         1392    i.DMA_GetITStatus   stm32f4xx_dma.o
    0x080023fc   0x0000003a   Code   RO         1393    i.DMA_ITConfig      stm32f4xx_dma.o
    0x08002436   0x00000002   PAD
    0x08002438   0x00000058   Code   RO         1394    i.DMA_Init          stm32f4xx_dma.o
    0x08002490   0x00000004   Code   RO         1397    i.DMA_SetCurrDataCounter  stm32f4xx_dma.o
    0x08002494   0x00000002   Code   RO          325    i.DebugMon_Handler  stm32f4xx_it.o
    0x08002496   0x00000002   PAD
    0x08002498   0x0000010c   Code   RO         4439    i.FuzzyPID_Calc     pid.o
    0x080025a4   0x0000006c   Code   RO         3111    i.GIMBAL_task       gimbaltask.o
    0x08002610   0x00000090   Code   RO         1828    i.GPIO_Init         stm32f4xx_gpio.o
    0x080026a0   0x00000046   Code   RO         1829    i.GPIO_PinAFConfig  stm32f4xx_gpio.o
    0x080026e6   0x00000004   Code   RO         1835    i.GPIO_ResetBits    stm32f4xx_gpio.o
    0x080026ea   0x00000004   Code   RO         1836    i.GPIO_SetBits      stm32f4xx_gpio.o
    0x080026ee   0x00000002   PAD
    0x080026f0   0x00000024   Code   RO          648    i.Get_CRC8_Check_Sum  algorithmofcrc.o
    0x08002714   0x0000045c   Code   RO         3112    i.GimbalCur_Pid_Cal  gimbaltask.o
    0x08002b70   0x000001dc   Code   RO         3113    i.Gimbal_Act_Cal    gimbaltask.o
    0x08002d4c   0x00000128   Code   RO         3114    i.Gimbal_Armor_Cal  gimbaltask.o
    0x08002e74   0x00000090   Code   RO         3115    i.Gimbal_Cease_Cal  gimbaltask.o
    0x08002f04   0x00000210   Code   RO         3116    i.Gimbal_Lob_Cal    gimbaltask.o
    0x08003114   0x00000070   Code   RO         3284    i.GraphicsUpdate    actioncontroltask.o
    0x08003184   0x00000004   Code   RO          326    i.HardFault_Handler  stm32f4xx_it.o
    0x08003188   0x00000024   Code   RO          699    i.IWDG_Config       iwdg.o
    0x080031ac   0x00000010   Code   RO          387    i.IWDG_Enable       stm32f4xx_iwdg.o
    0x080031bc   0x00000008   Code   RO          700    i.IWDG_Feed         iwdg.o
    0x080031c4   0x00000010   Code   RO          389    i.IWDG_ReloadCounter  stm32f4xx_iwdg.o
    0x080031d4   0x0000000c   Code   RO          390    i.IWDG_SetPrescaler  stm32f4xx_iwdg.o
    0x080031e0   0x0000000c   Code   RO          391    i.IWDG_SetReload    stm32f4xx_iwdg.o
    0x080031ec   0x0000000c   Code   RO          392    i.IWDG_WriteAccessCmd  stm32f4xx_iwdg.o
    0x080031f8   0x000000e0   Code   RO          617    i.KalmanFilter_Init  kalmanfilter.o
    0x080032d8   0x00000038   Code   RO          911    i.LASER_Configration  laser.o
    0x08003310   0x00000050   Code   RO          861    i.LED_Conf          led.o
    0x08003360   0x00000014   Code   RO          863    i.LED_OFF_BLUE      led.o
    0x08003374   0x00000014   Code   RO          864    i.LED_OFF_RED       led.o
    0x08003388   0x00000014   Code   RO          865    i.LED_ON_BLUE       led.o
    0x0800339c   0x00000014   Code   RO          866    i.LED_ON_RED        led.o
    0x080033b0   0x00000034   Code   RO         3478    i.LED_Task          led_task.o
    0x080033e4   0x00000004   Code   RO          327    i.MemManage_Handler  stm32f4xx_it.o
    0x080033e8   0x00000334   Code   RO         3285    i.Mouse_Key_Process  actioncontroltask.o
    0x0800371c   0x00000002   Code   RO          328    i.NMI_Handler       stm32f4xx_it.o
    0x0800371e   0x00000002   PAD
    0x08003720   0x00000078   Code   RO          931    i.NVIC_Init         misc.o
    0x08003798   0x00000124   Code   RO         4511    i.NewGyro_DataHandle  gyro.o
    0x080038bc   0x00000040   Code   RO            4    i.Offline_Check_task  main.o
    0x080038fc   0x000000b8   Code   RO         4411    i.PCReceive         datareceivetask_1.o
    0x080039b4   0x000000bc   Code   RO         4440    i.PID_Calc          pid.o
    0x08003a70   0x00000058   Code   RO            5    i.Peripheraldevice_Init  main.o
    0x08003ac8   0x0000005c   Code   RO         3338    i.Pid_BigFrictSpeed  shoottask.o
    0x08003b24   0x00000040   Code   RO         3339    i.Pid_BigPullerPos  shoottask.o
    0x08003b64   0x0000003c   Code   RO         3340    i.Pid_BigPullerSpeed  shoottask.o
    0x08003ba0   0x00000044   Code   RO         3413    i.Pid_ChassisAngle  chassistask.o
    0x08003be4   0x000000e0   Code   RO         3117    i.Pid_LobInit       gimbaltask.o
    0x08003cc4   0x000000a8   Code   RO         3118    i.Pid_PitchGyroPosSpeed  gimbaltask.o
    0x08003d6c   0x000000e8   Code   RO         3119    i.Pid_PitchYaw_ArmorPos  gimbaltask.o
    0x08003e54   0x00000078   Code   RO         3120    i.Pid_YawGyroPosSpeed  gimbaltask.o
    0x08003ecc   0x00000068   Code   RO         3286    i.Powerdown_Process  actioncontroltask.o
    0x08003f34   0x00000020   Code   RO         2738    i.RCC_AHB1PeriphClockCmd  stm32f4xx_rcc.o
    0x08003f54   0x00000020   Code   RO         2747    i.RCC_APB1PeriphClockCmd  stm32f4xx_rcc.o
    0x08003f74   0x00000020   Code   RO         2749    i.RCC_APB1PeriphResetCmd  stm32f4xx_rcc.o
    0x08003f94   0x00000020   Code   RO         2752    i.RCC_APB2PeriphResetCmd  stm32f4xx_rcc.o
    0x08003fb4   0x000000e8   Code   RO         2759    i.RCC_GetClocksFreq  stm32f4xx_rcc.o
    0x0800409c   0x0000004c   Code   RO         4475    i.RemoteInit        remote.o
    0x080040e8   0x000001c8   Code   RO         4476    i.RemoteReceive     remote.o
    0x080042b0   0x000000c0   Code   RO         3287    i.Remote_Process    actioncontroltask.o
    0x08004370   0x00000048   Code   RO         3341    i.SHOOT_task        shoottask.o
    0x080043b8   0x00000030   Code   RO         3288    i.SetInputMode      actioncontroltask.o
    0x080043e8   0x000000ec   Code   RO          265    i.SetSysClock       system_stm32f4xx.o
    0x080044d4   0x00000280   Code   RO         3342    i.ShootCur_Pid_Cal  shoottask.o
    0x08004754   0x00000098   Code   RO         3343    i.Shoot_Act_Cal     shoottask.o
    0x080047ec   0x00000078   Code   RO         3344    i.Shoot_Cease_Cal   shoottask.o
    0x08004864   0x00000240   Code   RO         3345    i.Shoot_Fire_Cal    shoottask.o
    0x08004aa4   0x0000001c   Code   RO            6    i.SteeringEngineInit  main.o
    0x08004ac0   0x00000008   Code   RO          329    i.SysTick_Handler   stm32f4xx_it.o
    0x08004ac8   0x00000068   Code   RO          267    i.SystemInit        system_stm32f4xx.o
    0x08004b30   0x0000001c   Code   RO          560    i.TIM4_IRQHandler   tim.o
    0x08004b4c   0x0000005c   Code   RO          561    i.TIM4_Init         tim.o
    0x08004ba8   0x00000060   Code   RO          587    i.TIM7_Configuration  tim7.o
    0x08004c08   0x00000028   Code   RO          588    i.TIM7_IRQHandler   tim7.o
    0x08004c30   0x00000006   Code   RO         1992    i.TIM_ClearITPendingBit  stm32f4xx_tim.o
    0x08004c36   0x00000018   Code   RO         1997    i.TIM_Cmd           stm32f4xx_tim.o
    0x08004c4e   0x00000022   Code   RO         2018    i.TIM_GetITStatus   stm32f4xx_tim.o
    0x08004c70   0x00000012   Code   RO         2022    i.TIM_ITConfig      stm32f4xx_tim.o
    0x08004c82   0x00000002   PAD
    0x08004c84   0x00000084   Code   RO         2069    i.TIM_TimeBaseInit  stm32f4xx_tim.o
    0x08004d08   0x0000000e   Code   RO          810    i.TX2_task          uart5.o
    0x08004d16   0x00000002   PAD
    0x08004d18   0x0000020c   Code   RO          811    i.UART5_Configuration  uart5.o
    0x08004f24   0x0000012c   Code   RO          778    i.USART3_Configuration  usart3.o
    0x08005050   0x00000060   Code   RO          779    i.USART3_IRQHandler  usart3.o
    0x080050b0   0x0000010c   Code   RO          812    i.USART5_SendtoPC   uart5.o
    0x080051bc   0x00000018   Code   RO         2547    i.USART_Cmd         stm32f4xx_usart.o
    0x080051d4   0x00000012   Code   RO         2548    i.USART_DMACmd      stm32f4xx_usart.o
    0x080051e6   0x00000002   PAD
    0x080051e8   0x000000f0   Code   RO         2549    i.USART_DeInit      stm32f4xx_usart.o
    0x080052d8   0x00000054   Code   RO         2551    i.USART_GetITStatus  stm32f4xx_usart.o
    0x0800532c   0x0000004a   Code   RO         2553    i.USART_ITConfig    stm32f4xx_usart.o
    0x08005376   0x00000002   PAD
    0x08005378   0x000000d4   Code   RO         2554    i.USART_Init        stm32f4xx_usart.o
    0x0800544c   0x00000004   Code   RO          330    i.UsageFault_Handler  stm32f4xx_it.o
    0x08005450   0x00000038   Code   RO          650    i.Verify_CRC8_Check_Sum  algorithmofcrc.o
    0x08005488   0x000000c8   Code   RO         3210    i.ZeroCheck         zerochecktask.o
    0x08005550   0x0000000c   Code   RO         3211    i.ZeroCheck_BigPullerPosOutPut  zerochecktask.o
    0x0800555c   0x000000e8   Code   RO         3213    i.ZeroCheck_Init    zerochecktask.o
    0x08005644   0x0000000c   Code   RO         3216    i.ZeroCheck_YawOutPut  zerochecktask.o
    0x08005650   0x000000ec   Code   RO         3218    i.ZeroCheck_cal     zerochecktask.o
    0x0800573c   0x0000001c   Code   RO            7    i.delay_ms          main.o
    0x08005758   0x000005b0   Code   RO         4441    i.fuzzy             pid.o
    0x08005d08   0x00000036   Code   RO            8    i.main              main.o
    0x08005d3e   0x00000002   PAD
    0x08005d40   0x00000098   Code   RO         3834    i.prvAddCurrentTaskToDelayedList  tasks.o
    0x08005dd8   0x000000b8   Code   RO         3835    i.prvAddNewTaskToReadyList  tasks.o
    0x08005e90   0x00000064   Code   RO         3836    i.prvCheckTasksWaitingTermination  tasks.o
    0x08005ef4   0x00000012   Code   RO         3837    i.prvDeleteTCB      tasks.o
    0x08005f06   0x00000002   PAD
    0x08005f08   0x0000007c   Code   RO         4201    i.prvHeapInit       heap_4.o
    0x08005f84   0x00000028   Code   RO         3838    i.prvIdleTask       tasks.o
    0x08005fac   0x00000090   Code   RO         3839    i.prvInitialiseNewTask  tasks.o
    0x0800603c   0x00000068   Code   RO         3840    i.prvInitialiseTaskLists  tasks.o
    0x080060a4   0x00000068   Code   RO         4202    i.prvInsertBlockIntoFreeList  heap_4.o
    0x0800610c   0x00000034   Code   RO         3842    i.prvResetNextTaskUnblockTime  tasks.o
    0x08006140   0x00000016   Code   RO         3843    i.prvTaskCheckFreeStackSpace  tasks.o
    0x08006156   0x00000016   Code   RO         4259    i.prvTaskExitError  port.o
    0x0800616c   0x000000d0   Code   RO         4203    i.pvPortMalloc      heap_4.o
    0x0800623c   0x0000002c   Code   RO         4260    i.pxPortInitialiseStack  port.o
    0x08006268   0x0000002c   Code   RO         3073    i.startTast         start_task.o
    0x08006294   0x00000178   Code   RO         3074    i.start_task        start_task.o
    0x0800640c   0x00000028   Code   RO         3618    i.uxListRemove      list.o
    0x08006434   0x00000028   Code   RO         3848    i.uxTaskGetStackHighWaterMark  tasks.o
    0x0800645c   0x0000001a   Code   RO         3619    i.vListInitialise   list.o
    0x08006476   0x00000006   Code   RO         3620    i.vListInitialiseItem  list.o
    0x0800647c   0x00000034   Code   RO         3621    i.vListInsert       list.o
    0x080064b0   0x00000018   Code   RO         3622    i.vListInsertEnd    list.o
    0x080064c8   0x00000024   Code   RO         4262    i.vPortEnterCritical  port.o
    0x080064ec   0x00000020   Code   RO         4263    i.vPortExitCritical  port.o
    0x0800650c   0x00000048   Code   RO         4204    i.vPortFree         heap_4.o
    0x08006554   0x00000020   Code   RO         4264    i.vPortSetupTimerInterrupt  port.o
    0x08006574   0x00000034   Code   RO         3854    i.vTaskDelay        tasks.o
    0x080065a8   0x000000cc   Code   RO         3856    i.vTaskDelete       tasks.o
    0x08006674   0x0000006c   Code   RO         3869    i.vTaskStartScheduler  tasks.o
    0x080066e0   0x00000010   Code   RO         3871    i.vTaskSuspendAll   tasks.o
    0x080066f0   0x000000a0   Code   RO         3872    i.vTaskSwitchContext  tasks.o
    0x08006790   0x00000048   Code   RO         4265    i.xPortStartScheduler  port.o
    0x080067d8   0x00000034   Code   RO         4266    i.xPortSysTickHandler  port.o
    0x0800680c   0x00000060   Code   RO         3874    i.xTaskCreate       tasks.o
    0x0800686c   0x0000011c   Code   RO         3880    i.xTaskIncrementTick  tasks.o
    0x08006988   0x000000e8   Code   RO         3885    i.xTaskResumeAll    tasks.o
    0x08006a70   0x00000062   Code   RO         4769    x$fpl$d2f           fz_wm.l(d2f.o)
    0x08006ad2   0x00000002   PAD
    0x08006ad4   0x00000150   Code   RO         4771    x$fpl$dadd          fz_wm.l(daddsub_clz.o)
    0x08006c24   0x00000018   Code   RO         4855    x$fpl$dcmpinf       fz_wm.l(dcmpi.o)
    0x08006c3c   0x000002b0   Code   RO         4778    x$fpl$ddiv          fz_wm.l(ddiv.o)
    0x08006eec   0x0000005e   Code   RO         4781    x$fpl$dfix          fz_wm.l(dfix.o)
    0x08006f4a   0x0000002e   Code   RO         4786    x$fpl$dflt          fz_wm.l(dflt_clz.o)
    0x08006f78   0x00000078   Code   RO         4791    x$fpl$dleqf         fz_wm.l(dleqf.o)
    0x08006ff0   0x00000154   Code   RO         4793    x$fpl$dmul          fz_wm.l(dmul.o)
    0x08007144   0x0000009c   Code   RO         4857    x$fpl$dnaninf       fz_wm.l(dnaninf.o)
    0x080071e0   0x0000000c   Code   RO         4859    x$fpl$dretinf       fz_wm.l(dretinf.o)
    0x080071ec   0x0000006c   Code   RO         4795    x$fpl$drleqf        fz_wm.l(drleqf.o)
    0x08007258   0x000001d4   Code   RO         4773    x$fpl$dsub          fz_wm.l(daddsub_clz.o)
    0x0800742c   0x00000056   Code   RO         4797    x$fpl$f2d           fz_wm.l(f2d.o)
    0x08007482   0x0000008c   Code   RO         4861    x$fpl$fnaninf       fz_wm.l(fnaninf.o)
    0x0800750e   0x0000000a   Code   RO         4997    x$fpl$fpinit        fz_wm.l(fpinit.o)
    0x08007518   0x0000000a   Code   RO         4863    x$fpl$fretinf       fz_wm.l(fretinf.o)
    0x08007522   0x00000000   Code   RO         4865    x$fpl$usenofp       fz_wm.l(usenofp.o)
    0x08007522   0x00000301   Data   RO          651    .constdata          algorithmofcrc.o
    0x08007823   0x00000001   PAD
    0x08007824   0x0000024c   Data   RO         4442    .constdata          pid.o
    0x08007a70   0x00000410   Data   RO         4536    .constdata          arm_cortexM4lf_math.lib(arm_cos_f32.o)
    0x08007e80   0x0000040c   Data   RO         4583    .constdata          arm_cortexM4lf_math.lib(arm_sin_f32.o)
    0x0800828c   0x00000020   Data   RO         5064    Region$$Table       anon$$obj.o


    Execution Region RW_IRAM1 (Base: 0x20000000, Size: 0x00006420, Max: 0x00020000, ABSOLUTE, COMPRESSED[0x00000070])

    Base Addr    Size         Type   Attr      Idx    E Section Name        Object

    0x20000000   0x00000014   Data   RW          268    .data               system_stm32f4xx.o
    0x20000014   0x00000004   Data   RW          589    .data               tim7.o
    0x20000018   0x000000b8   Data   RW          618    .data               kalmanfilter.o
    0x200000d0   0x00000004   Data   RW          652    .data               algorithmofcrc.o
    0x200000d4   0x00000004   Data   RW          781    .data               usart3.o
    0x200000d8   0x00000020   Data   RW          814    .data               uart5.o
    0x200000f8   0x00000010   Data   RW         2791    .data               stm32f4xx_rcc.o
    0x20000108   0x00000028   Data   RW         3075    .data               start_task.o
    0x20000130   0x0000003c   Data   RW         3122    .data               gimbaltask.o
    0x2000016c   0x00000028   Data   RW         3220    .data               zerochecktask.o
    0x20000194   0x0000001c   Data   RW         3290    .data               actioncontroltask.o
    0x200001b0   0x00000044   Data   RW         3347    .data               shoottask.o
    0x200001f4   0x00000020   Data   RW         3415    .data               chassistask.o
    0x20000214   0x00000044   Data   RW         3888    .data               tasks.o
    0x20000258   0x00000018   Data   RW         4209    .data               heap_4.o
    0x20000270   0x00000004   Data   RW         4267    .data               port.o
    0x20000274   0x00000016   Data   RW         4340    .data               canreceivetask.o
    0x2000028a   0x00000002   PAD
    0x2000028c   0x00000004   Data   RW         4373    .data               cansendtask.o
    0x20000290   0x00000024   Data   RW         4413    .data               datareceivetask_1.o
    0x200002b4   0x00000004   Data   RW         4443    .data               pid.o
    0x200002b8   0x00000002   Data   RW         4478    .data               remote.o
    0x200002ba   0x00000002   PAD
    0x200002bc   0x00000034   Data   RW         4512    .data               gyro.o
    0x200002f0   0x0000000c   Zero   RW            9    .bss                main.o
    0x200002fc   0x00000012   Zero   RW          780    .bss                usart3.o
    0x2000030e   0x000000b6   Zero   RW          813    .bss                uart5.o
    0x200003c4   0x000002ec   Zero   RW         3121    .bss                gimbaltask.o
    0x200006b0   0x000000c8   Zero   RW         3219    .bss                zerochecktask.o
    0x20000778   0x00000024   Zero   RW         3289    .bss                actioncontroltask.o
    0x2000079c   0x000000f8   Zero   RW         3346    .bss                shoottask.o
    0x20000894   0x0000010c   Zero   RW         3414    .bss                chassistask.o
    0x200009a0   0x000002e4   Zero   RW         3887    .bss                tasks.o
    0x20000c84   0x00005000   Zero   RW         4208    .bss                heap_4.o
    0x20005c84   0x0000000c   Zero   RW         4339    .bss                canreceivetask.o
    0x20005c90   0x00000010   Zero   RW         4372    .bss                cansendtask.o
    0x20005ca0   0x000000ec   Zero   RW         4412    .bss                datareceivetask_1.o
    0x20005d8c   0x00000034   Zero   RW         4477    .bss                remote.o
    0x20005dc0   0x00000060   Zero   RW         4929    .bss                c_w.l(libspace.o)
    0x20005e20   0x00000200   Zero   RW         2730    HEAP                startup_stm32f40_41xxx.o
    0x20006020   0x00000400   Zero   RW         2729    STACK               startup_stm32f40_41xxx.o


==============================================================================

Image component sizes


      Code (inc. data)   RO Data    RW Data    ZI Data      Debug   Object Name

      1360        162          0         28         36       6095   actioncontroltask.o
       128         12        769          4          0       2946   algorithmofcrc.o
       364         20          0          0          0       1843   can1.o
       544         22          0          0          0       2481   can2.o
       412         34          0         22         12       2083   canreceivetask.o
       856         50          0          4         16       3855   cansendtask.o
      2052        242          0         32        268       5924   chassistask.o
       184         34          0         36        236       1291   datareceivetask_1.o
         0          0          0          0          0       1468   event_groups.o
      4032        610          0         60        748       9508   gimbaltask.o
       292         30          0         52          0       1366   gyro.o
       508         62          0         24      20480       3947   heap_4.o
        44          0          0          0          0       1058   iwdg.o
       224          0          0        184          0       1468   kalmanfilter.o
        56          6          0          0          0        545   laser.o
       160         30          0          0          0       2463   led.o
        52          0          0          0          0        503   led_task.o
       148          0          0          0          0       3334   list.o
       314         44          0          0         12     339276   main.o
       120         14          0          0          0       1040   misc.o
      1912        100        588          4          0       3739   pid.o
       472         58          0          4          0       9740   port.o
       532          8          0          2         52       1905   remote.o
      1776        230          0         68        248       6641   shoottask.o
       444        210          0         40          0       2193   start_task.o
        64         26        392          0       1536        868   startup_stm32f40_41xxx.o
      1654         22          0          0          0       7660   stm32f4xx_can.o
       728         72          0          0          0       7081   stm32f4xx_dma.o
       222          0          0          0          0       2951   stm32f4xx_gpio.o
        28          0          0          0          0       3303   stm32f4xx_it.o
        68         30          0          0          0       2670   stm32f4xx_iwdg.o
       360         42          0         16          0       5316   stm32f4xx_rcc.o
       214         28          0          0          0       3762   stm32f4xx_tim.o
       652         42          0          0          0       5052   stm32f4xx_usart.o
       340         32          0         20          0       1797   system_stm32f4xx.o
      2008        322          0         68        740      24165   tasks.o
       120         10          0          0          0       1090   tim.o
       136         14          0          4          0       1645   tim7.o
      1066        110          0         32        182       4688   uart5.o
       396         38          0          4         18       1918   usart3.o
       692        118          0         40        200       4612   zerochecktask.o

    ----------------------------------------------------------------------
     25760       2884       1782        752      24784     495290   Object Totals
         0          0         32          0          0          0   (incl. Generated)
        26          0          1          4          0          0   (incl. Padding)

    ----------------------------------------------------------------------

      Code (inc. data)   RO Data    RW Data    ZI Data      Debug   Library Member Name

       216         22       1040          0          0      16570   arm_cos_f32.o
         8          0          0          0          0        779   arm_mat_init_f32.o
       152          0          0          0          0       1172   arm_mat_trans_f32.o
       216         22       1036          0          0       1382   arm_sin_f32.o
        90          0          0          0          0          0   __dczerorl2.o
         8          0          0          0          0         68   __main.o
         0          0          0          0          0          0   __rtentry.o
        12          0          0          0          0          0   __rtentry2.o
         6          0          0          0          0          0   __rtentry4.o
        52          8          0          0          0          0   __scatter.o
        28          0          0          0          0          0   __scatter_zi.o
        16          0          0          0          0         68   aeabi_memset.o
        12          0          0          0          0         72   exit.o
         6          0          0          0          0        152   heapauxi.o
         0          0          0          0          0          0   indicate_semi.o
         2          0          0          0          0          0   libinit.o
         6          0          0          0          0          0   libinit2.o
         2          0          0          0          0          0   libshutdown.o
         2          0          0          0          0          0   libshutdown2.o
         8          4          0          0         96         68   libspace.o
        68          0          0          0          0         68   rt_memclr.o
        78          0          0          0          0         80   rt_memclr_w.o
         2          0          0          0          0          0   rtexit.o
        10          0          0          0          0          0   rtexit2.o
        12          4          0          0          0         68   sys_exit.o
        74          0          0          0          0         80   sys_stackheap_outer.o
         2          0          0          0          0         68   use_no_semi.o
        98          4          0          0          0        140   d2f.o
       804         16          0          0          0        368   daddsub_clz.o
        24          0          0          0          0        116   dcmpi.o
       688        140          0          0          0        256   ddiv.o
        94          4          0          0          0        140   dfix.o
        46          0          0          0          0        116   dflt_clz.o
       120          4          0          0          0        140   dleqf.o
       340         12          0          0          0        152   dmul.o
       156          4          0          0          0        140   dnaninf.o
        12          0          0          0          0        116   dretinf.o
       108          0          0          0          0        128   drleqf.o
        86          4          0          0          0        132   f2d.o
       140          4          0          0          0        132   fnaninf.o
        10          0          0          0          0        116   fpinit.o
        10          0          0          0          0        116   fretinf.o
         0          0          0          0          0          0   usenofp.o

    ----------------------------------------------------------------------
      3834        252       2076          0         96      23003   Library Totals
        10          0          0          0          0          0   (incl. Padding)

    ----------------------------------------------------------------------

      Code (inc. data)   RO Data    RW Data    ZI Data      Debug   Library Name

       592         44       2076          0          0      19903   arm_cortexM4lf_math.lib
       496         16          0          0         96        792   c_w.l
      2736        192          0          0          0       2308   fz_wm.l

    ----------------------------------------------------------------------
      3834        252       2076          0         96      23003   Library Totals

    ----------------------------------------------------------------------

==============================================================================


      Code (inc. data)   RO Data    RW Data    ZI Data      Debug   

     29594       3136       3858        752      24880     499281   Grand Totals
     29594       3136       3858        112      24880     499281   ELF Image Totals (compressed)
     29594       3136       3858        112          0          0   ROM Totals

==============================================================================

    Total RO  Size (Code + RO Data)                33452 (  32.67kB)
    Total RW  Size (RW Data + ZI Data)             25632 (  25.03kB)
    Total ROM Size (Code + RO Data + RW Data)      33564 (  32.78kB)

==============================================================================

